Archive member included because of file (symbol)

c:/freescale/kds_v3/toolchain/bin/../lib/gcc/arm-none-eabi/4.8.4/../../../../arm-none-eabi/lib/armv7e-m/fpu\libg_s.a(lib_a-errno.o)
                              ./utilities/fsl_sbrk.o (__errno)
c:/freescale/kds_v3/toolchain/bin/../lib/gcc/arm-none-eabi/4.8.4/../../../../arm-none-eabi/lib/armv7e-m/fpu\libg_s.a(lib_a-exit.o)
                              c:/freescale/kds_v3/toolchain/bin/../lib/gcc/arm-none-eabi/4.8.4/../../../../arm-none-eabi/lib/armv7e-m/fpu/crt0.o (exit)
c:/freescale/kds_v3/toolchain/bin/../lib/gcc/arm-none-eabi/4.8.4/../../../../arm-none-eabi/lib/armv7e-m/fpu\libg_s.a(lib_a-impure.o)
                              c:/freescale/kds_v3/toolchain/bin/../lib/gcc/arm-none-eabi/4.8.4/../../../../arm-none-eabi/lib/armv7e-m/fpu\libg_s.a(lib_a-exit.o) (_global_impure_ptr)
c:/freescale/kds_v3/toolchain/bin/../lib/gcc/arm-none-eabi/4.8.4/../../../../arm-none-eabi/lib/armv7e-m/fpu\libg_s.a(lib_a-init.o)
                              c:/freescale/kds_v3/toolchain/bin/../lib/gcc/arm-none-eabi/4.8.4/../../../../arm-none-eabi/lib/armv7e-m/fpu/crt0.o (__libc_init_array)
c:/freescale/kds_v3/toolchain/bin/../lib/gcc/arm-none-eabi/4.8.4/../../../../arm-none-eabi/lib/armv7e-m/fpu\libg_s.a(lib_a-memcpy-stub.o)
                              ./sources/trcUser.o (memcpy)
c:/freescale/kds_v3/toolchain/bin/../lib/gcc/arm-none-eabi/4.8.4/../../../../arm-none-eabi/lib/armv7e-m/fpu\libg_s.a(lib_a-memset.o)
                              c:/freescale/kds_v3/toolchain/bin/../lib/gcc/arm-none-eabi/4.8.4/../../../../arm-none-eabi/lib/armv7e-m/fpu/crt0.o (memset)
c:/freescale/kds_v3/toolchain/bin/../lib/gcc/arm-none-eabi/4.8.4/../../../../arm-none-eabi/lib/armv7e-m/fpu\libg_s.a(lib_a-sprintf.o)
                              ./sources/main.o (sprintf)
c:/freescale/kds_v3/toolchain/bin/../lib/gcc/arm-none-eabi/4.8.4/../../../../arm-none-eabi/lib/armv7e-m/fpu\libg_s.a(lib_a-strcat.o)
                              ./sources/main.o (strcat)
c:/freescale/kds_v3/toolchain/bin/../lib/gcc/arm-none-eabi/4.8.4/../../../../arm-none-eabi/lib/armv7e-m/fpu\libg_s.a(lib_a-strlen.o)
                              ./utilities/fsl_debug_console.o (strlen)
c:/freescale/kds_v3/toolchain/bin/../lib/gcc/arm-none-eabi/4.8.4/../../../../arm-none-eabi/lib/armv7e-m/fpu\libg_s.a(lib_a-strncmp.o)
                              ./sources/trcBase.o (strncmp)
c:/freescale/kds_v3/toolchain/bin/../lib/gcc/arm-none-eabi/4.8.4/../../../../arm-none-eabi/lib/armv7e-m/fpu\libg_s.a(lib_a-strncpy.o)
                              ./sources/trcBase.o (strncpy)
c:/freescale/kds_v3/toolchain/bin/../lib/gcc/arm-none-eabi/4.8.4/../../../../arm-none-eabi/lib/armv7e-m/fpu\libg_s.a(lib_a-svfprintf.o)
                              c:/freescale/kds_v3/toolchain/bin/../lib/gcc/arm-none-eabi/4.8.4/../../../../arm-none-eabi/lib/armv7e-m/fpu\libg_s.a(lib_a-sprintf.o) (_svfprintf_r)
c:/freescale/kds_v3/toolchain/bin/../lib/gcc/arm-none-eabi/4.8.4/../../../../arm-none-eabi/lib/armv7e-m/fpu\libg_s.a(lib_a-vfprintf_i.o)
                              c:/freescale/kds_v3/toolchain/bin/../lib/gcc/arm-none-eabi/4.8.4/../../../../arm-none-eabi/lib/armv7e-m/fpu\libg_s.a(lib_a-svfprintf.o) (_printf_i)
c:/freescale/kds_v3/toolchain/bin/../lib/gcc/arm-none-eabi/4.8.4/../../../../arm-none-eabi/lib/armv7e-m/fpu\libg_s.a(lib_a-memchr-stub.o)
                              c:/freescale/kds_v3/toolchain/bin/../lib/gcc/arm-none-eabi/4.8.4/../../../../arm-none-eabi/lib/armv7e-m/fpu\libg_s.a(lib_a-svfprintf.o) (memchr)
c:/freescale/kds_v3/toolchain/bin/../lib/gcc/arm-none-eabi/4.8.4/../../../../arm-none-eabi/lib/armv7e-m/fpu\libg_s.a(lib_a-memmove.o)
                              c:/freescale/kds_v3/toolchain/bin/../lib/gcc/arm-none-eabi/4.8.4/../../../../arm-none-eabi/lib/armv7e-m/fpu\libg_s.a(lib_a-svfprintf.o) (memmove)
c:/freescale/kds_v3/toolchain/bin/../lib/gcc/arm-none-eabi/4.8.4/../../../../arm-none-eabi/lib/armv7e-m/fpu\libg_s.a(lib_a-nano-freer.o)
                              c:/freescale/kds_v3/toolchain/bin/../lib/gcc/arm-none-eabi/4.8.4/../../../../arm-none-eabi/lib/armv7e-m/fpu\libg_s.a(lib_a-svfprintf.o) (_free_r)
c:/freescale/kds_v3/toolchain/bin/../lib/gcc/arm-none-eabi/4.8.4/../../../../arm-none-eabi/lib/armv7e-m/fpu\libg_s.a(lib_a-nano-mallocr.o)
                              c:/freescale/kds_v3/toolchain/bin/../lib/gcc/arm-none-eabi/4.8.4/../../../../arm-none-eabi/lib/armv7e-m/fpu\libg_s.a(lib_a-svfprintf.o) (_malloc_r)
c:/freescale/kds_v3/toolchain/bin/../lib/gcc/arm-none-eabi/4.8.4/../../../../arm-none-eabi/lib/armv7e-m/fpu\libg_s.a(lib_a-nano-reallocr.o)
                              c:/freescale/kds_v3/toolchain/bin/../lib/gcc/arm-none-eabi/4.8.4/../../../../arm-none-eabi/lib/armv7e-m/fpu\libg_s.a(lib_a-svfprintf.o) (_realloc_r)
c:/freescale/kds_v3/toolchain/bin/../lib/gcc/arm-none-eabi/4.8.4/../../../../arm-none-eabi/lib/armv7e-m/fpu\libg_s.a(lib_a-sbrkr.o)
[...]
Memory Configuration

Name             Origin             Length             Attributes
m_interrupts     0x00000000         0x00000400         xr
m_flash_config   0x00000400         0x00000010         xr
m_text           0x00000410         0x000ffbf0         xr
m_data           0x1fff0000         0x00010000         rw
m_data_2         0x20000000         0x00030000         rw
*default*        0x00000000         0xffffffff

Linker script and memory map

LOAD c:/freescale/kds_v3/toolchain/bin/../lib/gcc/arm-none-eabi/4.8.4/armv7e-m/fpu/crti.o
LOAD c:/freescale/kds_v3/toolchain/bin/../lib/gcc/arm-none-eabi/4.8.4/armv7e-m/fpu/crtbegin.o
LOAD c:/freescale/kds_v3/toolchain/bin/../lib/gcc/arm-none-eabi/4.8.4/../../../../arm-none-eabi/lib/armv7e-m/fpu/crt0.o
START GROUP
LOAD ./utilities/fsl_debug_console.o
LOAD ./utilities/fsl_sbrk.o
LOAD ./sources/board.o
LOAD ./sources/clock_config.o
LOAD ./sources/main.o
LOAD ./sources/pin_mux.o
LOAD ./sources/trcBase.o
LOAD ./sources/trcHardwarePort.o
LOAD ./sources/trcKernel.o
LOAD ./sources/trcKernelPortFreeRTOS.o
LOAD ./sources/trcUser.o
LOAD ./freertos/Source/portable/MemMang/heap_4.o
LOAD ./freertos/Source/portable/GCC/ARM_CM4F/fsl_tickless_systick.o
LOAD ./freertos/Source/portable/GCC/ARM_CM4F/port.o
LOAD ./freertos/Source/croutine.o
LOAD ./freertos/Source/event_groups.o
LOAD ./freertos/Source/list.o
LOAD ./freertos/Source/queue.o
LOAD ./freertos/Source/tasks.o
LOAD ./freertos/Source/timers.o
LOAD ./drivers/fsl_clock.o
LOAD ./drivers/fsl_common.o
LOAD ./drivers/fsl_flash.o
LOAD ./drivers/fsl_gpio.o
LOAD ./drivers/fsl_smc.o
LOAD ./drivers/fsl_uart.o
LOAD ./devices/gcc/startup_MK64F12.o
LOAD ./devices/system_MK64F12.o
LOAD c:/freescale/kds_v3/toolchain/bin/../lib/gcc/arm-none-eabi/4.8.4/../../../../arm-none-eabi/lib/armv7e-m/fpu\libg_s.a
LOAD c:/freescale/kds_v3/toolchain/bin/../lib/gcc/arm-none-eabi/4.8.4/armv7e-m/fpu\libgcc.a
LOAD c:/freescale/kds_v3/toolchain/bin/../lib/gcc/arm-none-eabi/4.8.4/../../../../arm-none-eabi/lib/armv7e-m/fpu\libnosys.a
END GROUP
LOAD c:/freescale/kds_v3/toolchain/bin/../lib/gcc/arm-none-eabi/4.8.4/../../../../arm-none-eabi/lib/armv7e-m/fpu\libstdc++_s.a
LOAD c:/freescale/kds_v3/toolchain/bin/../lib/gcc/arm-none-eabi/4.8.4/../../../../arm-none-eabi/lib/armv7e-m/fpu\libm.a
START GROUP
LOAD c:/freescale/kds_v3/toolchain/bin/../lib/gcc/arm-none-eabi/4.8.4/armv7e-m/fpu\libgcc.a
LOAD c:/freescale/kds_v3/toolchain/bin/../lib/gcc/arm-none-eabi/4.8.4/../../../../arm-none-eabi/lib/armv7e-m/fpu\libg_s.a
LOAD c:/freescale/kds_v3/toolchain/bin/../lib/gcc/arm-none-eabi/4.8.4/../../../../arm-none-eabi/lib/armv7e-m/fpu\libc_s.a
END GROUP
START GROUP
LOAD c:/freescale/kds_v3/toolchain/bin/../lib/gcc/arm-none-eabi/4.8.4/armv7e-m/fpu\libgcc.a
LOAD c:/freescale/kds_v3/toolchain/bin/../lib/gcc/arm-none-eabi/4.8.4/../../../../arm-none-eabi/lib/armv7e-m/fpu\libc_s.a
END GROUP
LOAD c:/freescale/kds_v3/toolchain/bin/../lib/gcc/arm-none-eabi/4.8.4/armv7e-m/fpu/crtend.o
LOAD c:/freescale/kds_v3/toolchain/bin/../lib/gcc/arm-none-eabi/4.8.4/armv7e-m/fpu/crtn.o
                0x00000400                HEAP_SIZE = DEFINED (__heap_size__)?__heap_size__:0x400
                0x00000400                STACK_SIZE = DEFINED (__stack_size__)?__stack_size__:0x400
                0x00000000                M_VECTOR_RAM_SIZE = DEFINED (__ram_vector_table__)?0x400:0x0

.interrupts     0x00000000      0x400
                0x00000000                __VECTOR_TABLE = .
                0x00000000                . = ALIGN (0x4)
 *(.isr_vector)
 .isr_vector    0x00000000      0x400 ./devices/gcc/startup_MK64F12.o
                0x00000000                __isr_vector
                0x00000400                . = ALIGN (0x4)

.flash_config   0x00000400       0x10
                0x00000400                . = ALIGN (0x4)
 *(.FlashConfig)
 .FlashConfig   0x00000400       0x10 ./devices/gcc/startup_MK64F12.o
                0x00000410                . = ALIGN (0x4)

.text           0x00000410     0x8f1c
                0x00000410                . = ALIGN (0x4)
 *(.text)
 .text          0x00000410       0x54 c:/freescale/kds_v3/toolchain/bin/../lib/gcc/arm-none-eabi/4.8.4/armv7e-m/fpu/crtbegin.o
 .text          0x00000464       0x74 c:/freescale/kds_v3/toolchain/bin/../lib/gcc/arm-none-eabi/4.8.4/../../../../arm-none-eabi/lib/armv7e-m/fpu/crt0.o
                0x00000464                _start
                0x00000464                _mainCRTStartup
 .text          0x000004d8      0x200 ./devices/gcc/startup_MK64F12.o
                0x000004d8                Reset_Handler
                0x00000538                DebugMon_Handler
                0x00000538                PORTC_IRQHandler
                0x00000538                DMA0_DriverIRQHandler
                0x00000538                DMA12_DriverIRQHandler
                0x00000538                WDOG_EWM_IRQHandler
                0x00000538                SPI1_DriverIRQHandler
                0x00000538                DMA_Error_DriverIRQHandler
                0x00000538                CMP0_IRQHandler
                0x00000538                UART4_ERR_DriverIRQHandler
                0x00000538                DMA7_DriverIRQHandler
                0x00000538                I2C0_DriverIRQHandler
                0x00000538                ENET_Transmit_DriverIRQHandler
                0x00000538                DMA2_DriverIRQHandler
                0x00000538                UART1_ERR_DriverIRQHandler
                0x00000538                SDHC_DriverIRQHandler
                0x00000538                PIT0_IRQHandler
                0x00000538                BusFault_Handler
                0x00000538                CMP2_IRQHandler
                0x00000538                LLWU_IRQHandler
                0x00000538                I2S0_Tx_DriverIRQHandler
                0x00000538                DMA6_DriverIRQHandler
                0x00000538                LPTMR0_IRQHandler
                0x00000538                FTM2_IRQHandler
                0x00000538                PORTE_IRQHandler
                0x00000538                ENET_1588_Timer_DriverIRQHandler
                0x00000538                I2C2_DriverIRQHandler
                0x00000538                SWI_IRQHandler
                0x00000538                ADC0_IRQHandler
                0x00000538                UsageFault_Handler
                0x00000538                FTM3_IRQHandler
                0x00000538                CMT_IRQHandler
                0x00000538                CAN0_DriverIRQHandler
                0x00000538                MCM_IRQHandler
                0x00000538                DefaultISR
                0x00000538                DAC1_IRQHandler
                0x00000538                UART5_ERR_DriverIRQHandler
                0x00000538                FTM0_IRQHandler
                0x00000538                DMA11_DriverIRQHandler
                0x00000538                CMP1_IRQHandler
                0x00000538                Reserved71_IRQHandler
                0x00000538                PORTD_IRQHandler
                0x00000538                PORTB_IRQHandler
                0x00000538                DMA10_DriverIRQHandler
                0x00000538                LVD_LVW_IRQHandler
                0x00000538                UART2_ERR_DriverIRQHandler
                0x00000538                SPI2_DriverIRQHandler
                0x00000538                ADC1_IRQHandler
                0x00000538                DMA5_DriverIRQHandler
                0x00000538                DMA4_DriverIRQHandler
                0x00000538                PIT1_IRQHandler
                0x00000538                PIT2_IRQHandler
                0x00000538                SPI0_DriverIRQHandler
                0x00000538                DMA15_DriverIRQHandler
                0x00000538                RTC_IRQHandler
                0x00000538                UART3_ERR_DriverIRQHandler
                0x00000538                PDB0_IRQHandler
                0x00000538                MCG_IRQHandler
                0x00000538                FTM1_IRQHandler
                0x00000538                ENET_Error_DriverIRQHandler
                0x00000538                DMA13_DriverIRQHandler
                0x00000538                DMA3_DriverIRQHandler
                0x00000538                PIT3_IRQHandler
                0x00000538                DAC0_IRQHandler
                0x00000538                RTC_Seconds_IRQHandler
                0x00000538                UART0_LON_DriverIRQHandler
                0x00000538                FTFE_IRQHandler
                0x00000538                DMA9_DriverIRQHandler
                0x00000538                DMA8_DriverIRQHandler
                0x00000538                UART0_ERR_DriverIRQHandler
                0x00000538                ENET_Receive_DriverIRQHandler
                0x00000538                I2C1_DriverIRQHandler
                0x00000538                USB0_IRQHandler
                0x00000538                Read_Collision_IRQHandler
                0x00000538                DMA14_DriverIRQHandler
                0x00000538                RNG_IRQHandler
                0x00000538                DMA1_DriverIRQHandler
                0x00000538                USBDCD_IRQHandler
                0x00000538                I2S0_Rx_DriverIRQHandler
                0x00000538                MemManage_Handler
                0x0000053c                NMI_Handler
                0x00000540                HardFault_Handler
                0x00000550                DMA0_IRQHandler
                0x00000554                DMA1_IRQHandler
                0x00000558                DMA2_IRQHandler
                0x0000055c                DMA3_IRQHandler
                0x00000560                DMA4_IRQHandler
                0x00000564                DMA5_IRQHandler
                0x00000568                DMA6_IRQHandler
                0x0000056c                DMA7_IRQHandler
                0x00000570                DMA8_IRQHandler
                0x00000574                DMA9_IRQHandler
                0x00000578                DMA10_IRQHandler
                0x0000057c                DMA11_IRQHandler
                0x00000580                DMA12_IRQHandler
                0x00000584                DMA13_IRQHandler
                0x00000588                DMA14_IRQHandler
                0x0000058c                DMA15_IRQHandler
                0x00000590                DMA_Error_IRQHandler
                0x00000594                I2C0_IRQHandler
                0x00000598                I2C1_IRQHandler
                0x0000059c                SPI0_IRQHandler
                0x000005a0                SPI1_IRQHandler
                0x000005a4                I2S0_Tx_IRQHandler
                0x000005a8                I2S0_Rx_IRQHandler
                0x000005ac                UART0_LON_IRQHandler
                0x000005b0                UART0_RX_TX_IRQHandler
                0x000005b4                UART0_ERR_IRQHandler
                0x000005b8                UART1_RX_TX_IRQHandler
                0x000005bc                UART1_ERR_IRQHandler
                0x000005c0                UART2_RX_TX_IRQHandler
                0x000005c4                UART2_ERR_IRQHandler
                0x000005c8                UART3_RX_TX_IRQHandler
                0x000005cc                UART3_ERR_IRQHandler
                0x000005d0                SPI2_IRQHandler
                0x000005d4                UART4_RX_TX_IRQHandler
                0x000005d8                UART4_ERR_IRQHandler
                0x000005dc                UART5_RX_TX_IRQHandler
                0x000005e0                UART5_ERR_IRQHandler
                0x000005e4                I2C2_IRQHandler
                0x000005e8                CAN0_ORed_Message_buffer_IRQHandler
                0x000005ec                CAN0_Bus_Off_IRQHandler
                0x000005f0                CAN0_Error_IRQHandler
                0x000005f4                CAN0_Tx_Warning_IRQHandler
                0x000005f8                CAN0_Rx_Warning_IRQHandler
                0x000005fc                CAN0_Wake_Up_IRQHandler
                0x00000600                SDHC_IRQHandler
                0x00000604                ENET_1588_Timer_IRQHandler
                0x00000608                ENET_Transmit_IRQHandler
                0x0000060c                ENET_Receive_IRQHandler
                0x00000610                ENET_Error_IRQHandler
 *(.text*)
 .text.UART_EnableTx
                0x000006d8       0x40 ./utilities/fsl_debug_console.o
 .text.UART_EnableRx
                0x00000718       0x40 ./utilities/fsl_debug_console.o
 .text.DbgConsole_Init
                0x00000758       0x94 ./utilities/fsl_debug_console.o
                0x00000758                DbgConsole_Init
 .text.DbgConsole_Printf
                0x000007ec       0x40 ./utilities/fsl_debug_console.o
                0x000007ec                DbgConsole_Printf
 .text.DbgConsole_Putchar
                0x0000082c       0x38 ./utilities/fsl_debug_console.o
                0x0000082c                DbgConsole_Putchar
 .text.DbgConsole_PrintfPaddingCharacter
                0x00000864       0x40 ./utilities/fsl_debug_console.o
 .text.DbgConsole_ConvertRadixNumToString
                0x000008a4      0x118 ./utilities/fsl_debug_console.o
 .text.DbgConsole_PrintfFormattedData
                0x000009bc      0x36c ./utilities/fsl_debug_console.o
 .text._sbrk    0x00000d28       0x5c ./utilities/fsl_sbrk.o
                0x00000d28                _sbrk
 .text.BOARD_InitDebugConsole
                0x00000d84       0x24 ./sources/board.o
                0x00000d84                BOARD_InitDebugConsole
 .text.CLOCK_SetSimSafeDivs
                0x00000da8       0x20 ./sources/clock_config.o
 .text.CLOCK_SetXtal0Freq
                0x00000dc8       0x1c ./sources/clock_config.o
 .text.CLOCK_CONFIG_SetFllExtRefDiv
                0x00000de4       0x38 ./sources/clock_config.o
 .text.BOARD_BootClockRUN
                0x00000e1c       0x60 ./sources/clock_config.o
                0x00000e1c                BOARD_BootClockRUN
 .text.NVIC_EnableIRQ
                0x00000e7c       0x30 ./sources/main.o
 .text.EnableIRQ
                0x00000eac       0x28 ./sources/main.o
 .text.GPIO_TogglePinsOutput
                0x00000ed4       0x1c ./sources/main.o
 .text.PORT_SetPinInterruptConfig
                0x00000ef0       0x38 ./sources/main.o
 .text.PORTA_IRQHandler
                0x00000f28       0x1c ./sources/main.o
                0x00000f28                PORTA_IRQHandler
 .text.main     0x00000f44       0xd0 ./sources/main.o
                0x00000f44                main
 .text.first_task
                0x00001014       0x78 ./sources/main.o
 .text.interrupt_task
                0x0000108c       0x80 ./sources/main.o
 .text.write1   0x0000110c       0xb4 ./sources/main.o
 .text.write2   0x000011c0       0xb0 ./sources/main.o
 .text.print_console
                0x00001270       0x98 ./sources/main.o
 .text.CLOCK_EnableClock
                0x00001308       0x34 ./sources/pin_mux.o
 .text.PORT_SetPinConfig
                0x0000133c       0x44 ./sources/pin_mux.o
 .text.PORT_SetPinMux
                0x00001380       0x38 ./sources/pin_mux.o
 .text.BOARD_InitPins
                0x000013b8       0x8c ./sources/pin_mux.o
                0x000013b8                BOARD_InitPins
 .text.prvTraceInitTraceData
                0x00001444      0x200 ./sources/trcBase.o
                0x00001444                prvTraceInitTraceData
 .text.vInitStartMarkers
                0x00001644       0x50 ./sources/trcBase.o
 .text.xTraceNextFreeEventBufferSlot
                0x00001694       0x48 ./sources/trcBase.o
                0x00001694                xTraceNextFreeEventBufferSlot
 .text.uiIndexOfObject
                0x000016dc       0xac ./sources/trcBase.o
                0x000016dc                uiIndexOfObject
 .text.xTraceGetObjectHandle
                0x00001788      0x25c ./sources/trcBase.o
                0x00001788                xTraceGetObjectHandle
 .text.vTraceFreeObjectHandle
                0x000019e4       0xa0 ./sources/trcBase.o
                0x000019e4                vTraceFreeObjectHandle
 .text.vTraceSetObjectName
                0x00001a84       0xbc ./sources/trcBase.o
                0x00001a84                vTraceSetObjectName
 .text.prvTraceOpenSymbol
                0x00001b40       0xa0 ./sources/trcBase.o
                0x00001b40                prvTraceOpenSymbol
 .text.vTraceError
                0x00001be0       0x74 ./sources/trcBase.o
                0x00001be0                vTraceError
 .text.prvCheckDataToBeOverwrittenForMultiEntryEvents
                0x00001c54      0x118 ./sources/trcBase.o
                0x00001c54                prvCheckDataToBeOverwrittenForMultiEntryEvents
 .text.prvTraceUpdateCounters
                0x00001d6c       0x4c ./sources/trcBase.o
                0x00001d6c                prvTraceUpdateCounters
 .text.prvTraceGetDTS
                0x00001db8      0x198 ./sources/trcBase.o
                0x00001db8                prvTraceGetDTS
 .text.prvTraceLookupSymbolTableEntry
                0x00001f50       0xec ./sources/trcBase.o
                0x00001f50                prvTraceLookupSymbolTableEntry
 .text.prvTraceCreateSymbolTableEntry
                0x0000203c      0x168 ./sources/trcBase.o
                0x0000203c                prvTraceCreateSymbolTableEntry
 .text.prvTraceGetChecksum
                0x000021a4       0x8c ./sources/trcBase.o
                0x000021a4                prvTraceGetChecksum
 .text.vTracePortGetTimeStamp
                0x00002230       0xe8 ./sources/trcHardwarePort.o
                0x00002230                vTracePortGetTimeStamp
 .text.vTraceStoreTaskReady
                0x00002318       0xe8 ./sources/trcKernel.o
                0x00002318                vTraceStoreTaskReady
 .text.vTraceStoreMemMangEvent
                0x00002400      0x128 ./sources/trcKernel.o
                0x00002400                vTraceStoreMemMangEvent
 .text.vTraceStoreKernelCall
                0x00002528      0x144 ./sources/trcKernel.o
                0x00002528                vTraceStoreKernelCall
 .text.vTraceStoreKernelCallWithParam
                0x0000266c      0x15c ./sources/trcKernel.o
                0x0000266c                vTraceStoreKernelCallWithParam
 .text.prvTraceGetParam
                0x000027c8       0x7c ./sources/trcKernel.o
 .text.vTraceStoreKernelCallWithNumericParamOnly
                0x00002844      0x100 ./sources/trcKernel.o
                0x00002844                vTraceStoreKernelCallWithNumericParamOnly
 .text.vTraceStoreTaskswitch
                0x00002944      0x138 ./sources/trcKernel.o
                0x00002944                vTraceStoreTaskswitch
 .text.vTraceStoreObjectNameOnCloseEvent
                0x00002a7c       0xa4 ./sources/trcKernel.o
                0x00002a7c                vTraceStoreObjectNameOnCloseEvent
 .text.vTraceStoreObjectPropertiesOnCloseEvent
                0x00002b20       0xd0 ./sources/trcKernel.o
                0x00002b20                vTraceStoreObjectPropertiesOnCloseEvent
 .text.vTraceSetPriorityProperty
                0x00002bf0       0x78 ./sources/trcKernel.o
                0x00002bf0                vTraceSetPriorityProperty
 .text.uiTraceGetPriorityProperty
                0x00002c68       0x78 ./sources/trcKernel.o
                0x00002c68                uiTraceGetPriorityProperty
 .text.vTraceSetObjectState
                0x00002ce0       0x78 ./sources/trcKernel.o
                0x00002ce0                vTraceSetObjectState
 .text.uiTraceGetObjectState
                0x00002d58       0x78 ./sources/trcKernel.o
                0x00002d58                uiTraceGetObjectState
 .text.vTraceSetTaskInstanceFinished
                0x00002dd0       0x54 ./sources/trcKernel.o
                0x00002dd0                vTraceSetTaskInstanceFinished
 .text.prvTraceGetObjectNumber
                0x00002e24       0x1c ./sources/trcKernelPortFreeRTOS.o
                0x00002e24                prvTraceGetObjectNumber
 .text.prvTraceGetObjectType
                0x00002e40       0x18 ./sources/trcKernelPortFreeRTOS.o
                0x00002e40                prvTraceGetObjectType
 .text.prvTraceGetTaskNumber
                0x00002e58       0x1c ./sources/trcKernelPortFreeRTOS.o
                0x00002e58                prvTraceGetTaskNumber
 .text.prvTraceGetCurrentTaskHandle
                0x00002e74       0x10 ./sources/trcKernelPortFreeRTOS.o
                0x00002e74                prvTraceGetCurrentTaskHandle
 .text.vTraceInitObjectPropertyTable
                0x00002e84      0x144 ./sources/trcKernelPortFreeRTOS.o
                0x00002e84                vTraceInitObjectPropertyTable
 .text.vTraceInitObjectHandleStack
                0x00002fc8       0x9c ./sources/trcKernelPortFreeRTOS.o
                0x00002fc8                vTraceInitObjectHandleStack
 .text.pszTraceGetErrorNotEnoughHandles
                0x00003064       0x80 ./sources/trcKernelPortFreeRTOS.o
                0x00003064                pszTraceGetErrorNotEnoughHandles
 .text.uiTraceIsObjectExcluded
                0x000030e4      0x160 ./sources/trcKernelPortFreeRTOS.o
                0x000030e4                uiTraceIsObjectExcluded
 .text.vTraceInitTraceData
                0x00003244        0xc ./sources/trcUser.o
                0x00003244                vTraceInitTraceData
 .text.uiTraceStart
                0x00003250       0xc0 ./sources/trcUser.o
                0x00003250                uiTraceStart
 .text.xTraceOpenLabel
                0x00003310       0x30 ./sources/trcUser.o
                0x00003310                xTraceOpenLabel
 .text.pvPortMalloc
                0x00003340      0x198 ./freertos/Source/portable/MemMang/heap_4.o
                0x00003340                pvPortMalloc
 .text.vPortFree
                0x000034d8       0xc0 ./freertos/Source/portable/MemMang/heap_4.o
                0x000034d8                vPortFree
 .text.prvHeapInit
                0x00003598       0xc4 ./freertos/Source/portable/MemMang/heap_4.o
 .text.prvInsertBlockIntoFreeList
                0x0000365c       0xb0 ./freertos/Source/portable/MemMang/heap_4.o
 .text.vPortSetupTimerInterrupt
                0x0000370c       0x40 ./freertos/Source/portable/GCC/ARM_CM4F/fsl_tickless_systick.o
                0x0000370c                vPortSetupTimerInterrupt
 .text.pxPortInitialiseStack
                0x0000374c       0x68 ./freertos/Source/portable/GCC/ARM_CM4F/port.o
                0x0000374c                pxPortInitialiseStack
 .text.prvTaskExitError
                0x000037b4       0x3c ./freertos/Source/portable/GCC/ARM_CM4F/port.o
 .text.SVC_Handler
                0x000037f0       0x30 ./freertos/Source/portable/GCC/ARM_CM4F/port.o
                0x000037f0                SVC_Handler
 .text.prvPortStartFirstTask
                0x00003820       0x20 ./freertos/Source/portable/GCC/ARM_CM4F/port.o
 .text.xPortStartScheduler
                0x00003840      0x118 ./freertos/Source/portable/GCC/ARM_CM4F/port.o
                0x00003840                xPortStartScheduler
 .text.vPortEnterCritical
                0x00003958       0x5c ./freertos/Source/portable/GCC/ARM_CM4F/port.o
                0x00003958                vPortEnterCritical
 .text.vPortExitCritical
                0x000039b4       0x4c ./freertos/Source/portable/GCC/ARM_CM4F/port.o
                0x000039b4                vPortExitCritical
 .text.PendSV_Handler
                0x00003a00       0x70 ./freertos/Source/portable/GCC/ARM_CM4F/port.o
                0x00003a00                PendSV_Handler
 .text.SysTick_Handler
                0x00003a70       0x40 ./freertos/Source/portable/GCC/ARM_CM4F/port.o
                0x00003a70                SysTick_Handler
 .text.vPortEnableVFP
                0x00003ab0       0x14 ./freertos/Source/portable/GCC/ARM_CM4F/port.o
 .text.vPortValidateInterruptPriority
                0x00003ac4       0x78 ./freertos/Source/portable/GCC/ARM_CM4F/port.o
                0x00003ac4                vPortValidateInterruptPriority
 .text.vListInitialise
                0x00003b3c       0x40 ./freertos/Source/list.o
                0x00003b3c                vListInitialise
 .text.vListInitialiseItem
                0x00003b7c       0x18 ./freertos/Source/list.o
                0x00003b7c                vListInitialiseItem
 .text.vListInsertEnd
                0x00003b94       0x48 ./freertos/Source/list.o
                0x00003b94                vListInsertEnd
 .text.vListInsert
                0x00003bdc       0x70 ./freertos/Source/list.o
                0x00003bdc                vListInsert
 .text.uxListRemove
                0x00003c4c       0x54 ./freertos/Source/list.o
                0x00003c4c                uxListRemove
 .text.xQueueGenericReset
                0x00003ca0       0xd0 ./freertos/Source/queue.o
                0x00003ca0                xQueueGenericReset
 .text.xQueueGenericCreate
                0x00003d70       0x70 ./freertos/Source/queue.o
                0x00003d70                xQueueGenericCreate
 .text.prvInitialiseNewQueue
                0x00003de0       0xb0 ./freertos/Source/queue.o
 .text.xQueueGenericSend
                0x00003e90      0x300 ./freertos/Source/queue.o
                0x00003e90                xQueueGenericSend
 .text.xQueueGenericSendFromISR
                0x00004190      0x1b8 ./freertos/Source/queue.o
                0x00004190                xQueueGenericSendFromISR
 .text.xQueueGenericReceive
                0x00004348      0x394 ./freertos/Source/queue.o
                0x00004348                xQueueGenericReceive
 .text.uxQueueGetQueueNumber
                0x000046dc       0x18 ./freertos/Source/queue.o
                0x000046dc                uxQueueGetQueueNumber
 .text.ucQueueGetQueueType
                0x000046f4       0x1c ./freertos/Source/queue.o
                0x000046f4                ucQueueGetQueueType
 .text.prvCopyDataToQueue
                0x00004710       0xd8 ./freertos/Source/queue.o
 .text.prvCopyDataFromQueue
                0x000047e8       0x4c ./freertos/Source/queue.o
 .text.prvUnlockQueue
                0x00004834       0xa0 ./freertos/Source/queue.o
 .text.prvIsQueueEmpty
                0x000048d4       0x2c ./freertos/Source/queue.o
 .text.prvIsQueueFull
                0x00004900       0x30 ./freertos/Source/queue.o
 .text.vQueueAddToRegistry
                0x00004930       0x6c ./freertos/Source/queue.o
                0x00004930                vQueueAddToRegistry
 .text.vQueueWaitForMessageRestricted
                0x0000499c       0x6c ./freertos/Source/queue.o
                0x0000499c                vQueueWaitForMessageRestricted
 .text.xTaskCreate
                0x00004a08       0x84 ./freertos/Source/tasks.o
                0x00004a08                xTaskCreate
 .text.prvInitialiseNewTask
                0x00004a8c      0x128 ./freertos/Source/tasks.o
 .text.prvAddNewTaskToReadyList
                0x00004bb4      0x140 ./freertos/Source/tasks.o
 .text.vTaskDelay
                0x00004cf4       0x98 ./freertos/Source/tasks.o
                0x00004cf4                vTaskDelay
 .text.vTaskSuspend
                0x00004d8c      0x12c ./freertos/Source/tasks.o
                0x00004d8c                vTaskSuspend
 .text.vTaskStartScheduler
                0x00004eb8       0x94 ./freertos/Source/tasks.o
                0x00004eb8                vTaskStartScheduler
 .text.vTaskSuspendAll
                0x00004f4c       0x1c ./freertos/Source/tasks.o
                0x00004f4c                vTaskSuspendAll
 .text.xTaskResumeAll
                0x00004f68      0x144 ./freertos/Source/tasks.o
                0x00004f68                xTaskResumeAll
 .text.xTaskGetTickCount
                0x000050ac       0x20 ./freertos/Source/tasks.o
                0x000050ac                xTaskGetTickCount
 .text.xTaskIncrementTick
                0x000050cc      0x194 ./freertos/Source/tasks.o
                0x000050cc                xTaskIncrementTick
 .text.vTaskSwitchContext
                0x00005260       0xc4 ./freertos/Source/tasks.o
                0x00005260                vTaskSwitchContext
 .text.vTaskPlaceOnEventList
                0x00005324       0x44 ./freertos/Source/tasks.o
                0x00005324                vTaskPlaceOnEventList
 .text.vTaskPlaceOnEventListRestricted
                0x00005368       0x8c ./freertos/Source/tasks.o
                0x00005368                vTaskPlaceOnEventListRestricted
 .text.xTaskRemoveFromEventList
                0x000053f4       0xd0 ./freertos/Source/tasks.o
                0x000053f4                xTaskRemoveFromEventList
 .text.vTaskSetTimeOutState
                0x000054c4       0x44 ./freertos/Source/tasks.o
                0x000054c4                vTaskSetTimeOutState
 .text.xTaskCheckForTimeOut
                0x00005508       0xbc ./freertos/Source/tasks.o
                0x00005508                xTaskCheckForTimeOut
 .text.vTaskMissedYield
                0x000055c4       0x18 ./freertos/Source/tasks.o
                0x000055c4                vTaskMissedYield
 .text.uxTaskGetTaskNumber
                0x000055dc       0x2c ./freertos/Source/tasks.o
                0x000055dc                uxTaskGetTaskNumber
 .text.prvIdleTask
                0x00005608       0x30 ./freertos/Source/tasks.o
 .text.prvInitialiseTaskLists
                0x00005638       0x7c ./freertos/Source/tasks.o
 .text.prvCheckTasksWaitingTermination
                0x000056b4       0x74 ./freertos/Source/tasks.o
 .text.prvDeleteTCB
                0x00005728       0x20 ./freertos/Source/tasks.o
 .text.prvResetNextTaskUnblockTime
                0x00005748       0x48 ./freertos/Source/tasks.o
 .text.xTaskGetCurrentTaskHandle
                0x00005790       0x20 ./freertos/Source/tasks.o
                0x00005790                xTaskGetCurrentTaskHandle
 .text.xTaskGetSchedulerState
                0x000057b0       0x3c ./freertos/Source/tasks.o
                0x000057b0                xTaskGetSchedulerState
 .text.vTaskPriorityInherit
                0x000057ec      0x140 ./freertos/Source/tasks.o
                0x000057ec                vTaskPriorityInherit
 .text.xTaskPriorityDisinherit
                0x0000592c      0x158 ./freertos/Source/tasks.o
                0x0000592c                xTaskPriorityDisinherit
 .text.pvTaskIncrementMutexHeldCount
                0x00005a84       0x28 ./freertos/Source/tasks.o
                0x00005a84                pvTaskIncrementMutexHeldCount
 .text.prvAddCurrentTaskToDelayedList
                0x00005aac       0xc8 ./freertos/Source/tasks.o
 .text.xTimerCreateTimerTask
                0x00005b74       0x60 ./freertos/Source/timers.o
                0x00005b74                xTimerCreateTimerTask
 .text.xTimerGenericCommand
                0x00005bd4      0x17c ./freertos/Source/timers.o
                0x00005bd4                xTimerGenericCommand
 .text.prvProcessExpiredTimer
                0x00005d50       0x80 ./freertos/Source/timers.o
 .text.prvTimerTask
                0x00005dd0       0x24 ./freertos/Source/timers.o
 .text.prvProcessTimerOrBlockTask
                0x00005df4       0x9c ./freertos/Source/timers.o
 .text.prvGetNextExpireTime
                0x00005e90       0x48 ./freertos/Source/timers.o
 .text.prvSampleTimeNow
                0x00005ed8       0x40 ./freertos/Source/timers.o
 .text.prvInsertTimerInActiveList
                0x00005f18       0x84 ./freertos/Source/timers.o
 .text.prvProcessReceivedCommands
                0x00005f9c      0x164 ./freertos/Source/timers.o
 .text.prvSwitchTimerLists
                0x00006100       0xc0 ./freertos/Source/timers.o
 .text.prvCheckForValidListAndQueue
                0x000061c0       0x6c ./freertos/Source/timers.o
 .text.CLOCK_SetEr32kClock
                0x0000622c       0x2c ./drivers/fsl_clock.o
 .text.CLOCK_SetPllFllSelClock
                0x00006258       0x38 ./drivers/fsl_clock.o
 .text.OSC_SetExtRefClkConfig
                0x00006290       0x34 ./drivers/fsl_clock.o
 .text.OSC_SetCapLoad
                0x000062c4       0x34 ./drivers/fsl_clock.o
 .text.CLOCK_GetMcgExtClkFreq
                0x000062f8       0x8c ./drivers/fsl_clock.o
 .text.CLOCK_GetFllExtRefClkFreq
                0x00006384       0xc8 ./drivers/fsl_clock.o
 .text.CLOCK_GetInternalRefClkSelectFreq
                0x0000644c       0x44 ./drivers/fsl_clock.o
 .text.CLOCK_GetFllRefClkFreq
                0x00006490       0x2c ./drivers/fsl_clock.o
 .text.CLOCK_GetPll0RefFreq
                0x000064bc       0x10 ./drivers/fsl_clock.o
 .text.CLOCK_GetOscRangeFromFreq
                0x000064cc       0x3c ./drivers/fsl_clock.o
 .text.CLOCK_GetCoreSysClkFreq
                0x00006508       0x24 ./drivers/fsl_clock.o
                0x00006508                CLOCK_GetCoreSysClkFreq
 .text.CLOCK_SetSimConfig
                0x0000652c       0x34 ./drivers/fsl_clock.o
                0x0000652c                CLOCK_SetSimConfig
 .text.CLOCK_GetOutClkFreq
                0x00006560       0x64 ./drivers/fsl_clock.o
                0x00006560                CLOCK_GetOutClkFreq
 .text.CLOCK_GetFllFreq
                0x000065c4       0x74 ./drivers/fsl_clock.o
                0x000065c4                CLOCK_GetFllFreq
 .text.CLOCK_GetPll0Freq
                0x00006638       0x78 ./drivers/fsl_clock.o
                0x00006638                CLOCK_GetPll0Freq
 .text.CLOCK_SetExternalRefClkConfig
                0x000066b0       0x6c ./drivers/fsl_clock.o
                0x000066b0                CLOCK_SetExternalRefClkConfig
 .text.CLOCK_SetInternalRefClkConfig
                0x0000671c      0x104 ./drivers/fsl_clock.o
                0x0000671c                CLOCK_SetInternalRefClkConfig
 .text.CLOCK_EnablePll0
                0x00006820       0x94 ./drivers/fsl_clock.o
                0x00006820                CLOCK_EnablePll0
 .text.CLOCK_InitOsc0
                0x000068b4       0x8c ./drivers/fsl_clock.o
                0x000068b4                CLOCK_InitOsc0
 .text.CLOCK_SetPbeMode
                0x00006940       0xb8 ./drivers/fsl_clock.o
                0x00006940                CLOCK_SetPbeMode
 .text.CLOCK_BootToPeeMode
                0x000069f8       0x74 ./drivers/fsl_clock.o
                0x000069f8                CLOCK_BootToPeeMode
 .text.__assert_func
                0x00006a6c       0x28 ./drivers/fsl_common.o
                0x00006a6c                __assert_func
 .text.GPIO_WritePinOutput
                0x00006a94       0x34 ./drivers/fsl_gpio.o
 .text.GPIO_GetInstance
                0x00006ac8       0x58 ./drivers/fsl_gpio.o
 .text.GPIO_PinInit
                0x00006b20       0x70 ./drivers/fsl_gpio.o
                0x00006b20                GPIO_PinInit
 .text.GPIO_ClearPinsInterruptFlags
                0x00006b90       0x30 ./drivers/fsl_gpio.o
                0x00006b90                GPIO_ClearPinsInterruptFlags
 .text.CLOCK_EnableClock
                0x00006bc0       0x34 ./drivers/fsl_uart.o
 .text.UART_GetInstance
                0x00006bf4       0x60 ./drivers/fsl_uart.o
                0x00006bf4                UART_GetInstance
 .text.UART_Init
                0x00006c54      0x2bc ./drivers/fsl_uart.o
                0x00006c54                UART_Init
 .text.UART_GetDefaultConfig
                0x00006f10       0x5c ./drivers/fsl_uart.o
                0x00006f10                UART_GetDefaultConfig
 .text.UART_GetStatusFlags
                0x00006f6c       0x48 ./drivers/fsl_uart.o
                0x00006f6c                UART_GetStatusFlags
 .text.UART_WriteBlocking
                0x00006fb4       0x40 ./drivers/fsl_uart.o
                0x00006fb4                UART_WriteBlocking
 .text.UART_ReadBlocking
                0x00006ff4       0xa4 ./drivers/fsl_uart.o
                0x00006ff4                UART_ReadBlocking
 .text.UART0_DriverIRQHandler
                0x00007098       0x20 ./drivers/fsl_uart.o
                0x00007098                UART0_DriverIRQHandler
 .text.UART0_RX_TX_DriverIRQHandler
                0x000070b8        0xc ./drivers/fsl_uart.o
                0x000070b8                UART0_RX_TX_DriverIRQHandler
 .text.UART1_DriverIRQHandler
                0x000070c4       0x20 ./drivers/fsl_uart.o
                0x000070c4                UART1_DriverIRQHandler
 .text.UART1_RX_TX_DriverIRQHandler
                0x000070e4        0xc ./drivers/fsl_uart.o
                0x000070e4                UART1_RX_TX_DriverIRQHandler
 .text.UART2_DriverIRQHandler
                0x000070f0       0x20 ./drivers/fsl_uart.o
                0x000070f0                UART2_DriverIRQHandler
 .text.UART2_RX_TX_DriverIRQHandler
                0x00007110        0xc ./drivers/fsl_uart.o
                0x00007110                UART2_RX_TX_DriverIRQHandler
 .text.UART3_DriverIRQHandler
                0x0000711c       0x20 ./drivers/fsl_uart.o
                0x0000711c                UART3_DriverIRQHandler
 .text.UART3_RX_TX_DriverIRQHandler
                0x0000713c        0xc ./drivers/fsl_uart.o
                0x0000713c                UART3_RX_TX_DriverIRQHandler
 .text.UART4_DriverIRQHandler
                0x00007148       0x20 ./drivers/fsl_uart.o
                0x00007148                UART4_DriverIRQHandler
 .text.UART4_RX_TX_DriverIRQHandler
                0x00007168        0xc ./drivers/fsl_uart.o
                0x00007168                UART4_RX_TX_DriverIRQHandler
 .text.UART5_DriverIRQHandler
                0x00007174       0x20 ./drivers/fsl_uart.o
                0x00007174                UART5_DriverIRQHandler
 .text.UART5_RX_TX_DriverIRQHandler
                0x00007194        0xc ./drivers/fsl_uart.o
                0x00007194                UART5_RX_TX_DriverIRQHandler
 .text.SystemInit
                0x000071a0       0x3c ./devices/system_MK64F12.o
                0x000071a0                SystemInit
 .text.__errno  0x000071dc        0xc c:/freescale/kds_v3/toolchain/bin/../lib/gcc/arm-none-eabi/4.8.4/../../../../arm-none-eabi/lib/armv7e-m/fpu\libg_s.a(lib_a-errno.o)
                0x000071dc                __errno
 .text.exit     0x000071e8       0x28 c:/freescale/kds_v3/toolchain/bin/../lib/gcc/arm-none-eabi/4.8.4/../../../../arm-none-eabi/lib/armv7e-m/fpu\libg_s.a(lib_a-exit.o)
                0x000071e8                exit
 .text.__libc_init_array
                0x00007210       0x4c c:/freescale/kds_v3/toolchain/bin/../lib/gcc/arm-none-eabi/4.8.4/../../../../arm-none-eabi/lib/armv7e-m/fpu\libg_s.a(lib_a-init.o)
                0x00007210                __libc_init_array
 .text.memcpy   0x0000725c       0x12 c:/freescale/kds_v3/toolchain/bin/../lib/gcc/arm-none-eabi/4.8.4/../../../../arm-none-eabi/lib/armv7e-m/fpu\libg_s.a(lib_a-memcpy-stub.o)
                0x0000725c                memcpy
 .text.memset   0x0000726e       0x10 c:/freescale/kds_v3/toolchain/bin/../lib/gcc/arm-none-eabi/4.8.4/../../../../arm-none-eabi/lib/armv7e-m/fpu\libg_s.a(lib_a-memset.o)
                0x0000726e                memset
 *fill*         0x0000727e        0x2 
 .text.sprintf  0x00007280       0x48 c:/freescale/kds_v3/toolchain/bin/../lib/gcc/arm-none-eabi/4.8.4/../../../../arm-none-eabi/lib/armv7e-m/fpu\libg_s.a(lib_a-sprintf.o)
                0x00007280                siprintf
                0x00007280                sprintf
 .text.strcat   0x000072c8       0x1a c:/freescale/kds_v3/toolchain/bin/../lib/gcc/arm-none-eabi/4.8.4/../../../../arm-none-eabi/lib/armv7e-m/fpu\libg_s.a(lib_a-strcat.o)
                0x000072c8                strcat
 .text.strlen   0x000072e2       0x10 c:/freescale/kds_v3/toolchain/bin/../lib/gcc/arm-none-eabi/4.8.4/../../../../arm-none-eabi/lib/armv7e-m/fpu\libg_s.a(lib_a-strlen.o)
                0x000072e2                strlen
 .text.strncmp  0x000072f2       0x2e c:/freescale/kds_v3/toolchain/bin/../lib/gcc/arm-none-eabi/4.8.4/../../../../arm-none-eabi/lib/armv7e-m/fpu\libg_s.a(lib_a-strncmp.o)
                0x000072f2                strncmp
 .text.strncpy  0x00007320       0x24 c:/freescale/kds_v3/toolchain/bin/../lib/gcc/arm-none-eabi/4.8.4/../../../../arm-none-eabi/lib/armv7e-m/fpu\libg_s.a(lib_a-strncpy.o)
                0x00007320                strncpy
 .text.__ssputs_r
                0x00007344       0xb8 c:/freescale/kds_v3/toolchain/bin/../lib/gcc/arm-none-eabi/4.8.4/../../../../arm-none-eabi/lib/armv7e-m/fpu\libg_s.a(lib_a-svfprintf.o)
                0x00007344                __ssputs_r
 .text._svfprintf_r
                0x000073fc      0x1dc c:/freescale/kds_v3/toolchain/bin/../lib/gcc/arm-none-eabi/4.8.4/../../../../arm-none-eabi/lib/armv7e-m/fpu\libg_s.a(lib_a-svfprintf.o)
                0x000073fc                _svfiprintf_r
                0x000073fc                _svfprintf_r
 .text._printf_common
                0x000075d8       0xe4 c:/freescale/kds_v3/toolchain/bin/../lib/gcc/arm-none-eabi/4.8.4/../../../../arm-none-eabi/lib/armv7e-m/fpu\libg_s.a(lib_a-vfprintf_i.o)
                0x000075d8                _printf_common
 .text._printf_i
                0x000076bc      0x228 c:/freescale/kds_v3/toolchain/bin/../lib/gcc/arm-none-eabi/4.8.4/../../../../arm-none-eabi/lib/armv7e-m/fpu\libg_s.a(lib_a-vfprintf_i.o)
                0x000076bc                _printf_i
 .text.memchr   0x000078e4       0x1e c:/freescale/kds_v3/toolchain/bin/../lib/gcc/arm-none-eabi/4.8.4/../../../../arm-none-eabi/lib/armv7e-m/fpu\libg_s.a(lib_a-memchr-stub.o)
                0x000078e4                memchr
 .text.memmove  0x00007902       0x36 c:/freescale/kds_v3/toolchain/bin/../lib/gcc/arm-none-eabi/4.8.4/../../../../arm-none-eabi/lib/armv7e-m/fpu\libg_s.a(lib_a-memmove.o)
                0x00007902                memmove
 .text._free_r  0x00007938       0x88 c:/freescale/kds_v3/toolchain/bin/../lib/gcc/arm-none-eabi/4.8.4/../../../../arm-none-eabi/lib/armv7e-m/fpu\libg_s.a(lib_a-nano-freer.o)
                0x00007938                _free_r
 .text._malloc_r
                0x000079c0       0xa8 c:/freescale/kds_v3/toolchain/bin/../lib/gcc/arm-none-eabi/4.8.4/../../../../arm-none-eabi/lib/armv7e-m/fpu\libg_s.a(lib_a-nano-mallocr.o)
                0x000079c0                _malloc_r
 .text._realloc_r
                0x00007a68       0x4c c:/freescale/kds_v3/toolchain/bin/../lib/gcc/arm-none-eabi/4.8.4/../../../../arm-none-eabi/lib/armv7e-m/fpu\libg_s.a(lib_a-nano-reallocr.o)
                0x00007a68                _realloc_r
 .text._sbrk_r  0x00007ab4       0x20 c:/freescale/kds_v3/toolchain/bin/../lib/gcc/arm-none-eabi/4.8.4/../../../../arm-none-eabi/lib/armv7e-m/fpu\libg_s.a(lib_a-sbrkr.o)
                0x00007ab4                _sbrk_r
 .text._malloc_usable_size_r
                0x00007ad4       0x12 c:/freescale/kds_v3/toolchain/bin/../lib/gcc/arm-none-eabi/4.8.4/../../../../arm-none-eabi/lib/armv7e-m/fpu\libg_s.a(lib_a-nano-msizer.o)
                0x00007ad4                _malloc_usable_size_r
 *fill*         0x00007ae6        0x2 
 .text._exit    0x00007ae8        0x4 c:/freescale/kds_v3/toolchain/bin/../lib/gcc/arm-none-eabi/4.8.4/../../../../arm-none-eabi/lib/armv7e-m/fpu\libnosys.a(_exit.o)
                0x00007ae8                _exit
 *(.rodata)
 .rodata        0x00007aec       0xd8 ./sources/main.o
 .rodata        0x00007bc4       0x20 ./sources/pin_mux.o
 .rodata        0x00007be4      0x618 ./sources/trcBase.o
 .rodata        0x000081fc      0x758 ./sources/trcKernel.o
 .rodata        0x00008954      0x298 ./sources/trcKernelPortFreeRTOS.o
 .rodata        0x00008bec      0x35c ./sources/trcUser.o
 .rodata        0x00008f48       0x18 ./freertos/Source/tasks.o
                0x00008f50                FreeRTOSDebugConfig
 .rodata        0x00008f60       0x10 ./freertos/Source/timers.o
 .rodata        0x00008f70       0x48 ./drivers/fsl_clock.o
 .rodata        0x00008fb8       0x40 ./drivers/fsl_common.o
 .rodata        0x00008ff8       0x44 ./drivers/fsl_gpio.o
 .rodata        0x0000903c      0x12c ./drivers/fsl_uart.o
 *(.rodata*)
 .rodata.mcgConfig_BOARD_BootClockRUN
                0x00009168        0xc ./sources/clock_config.o
                0x00009168                mcgConfig_BOARD_BootClockRUN
 .rodata.simConfig_BOARD_BootClockRUN
                0x00009174        0x8 ./sources/clock_config.o
                0x00009174                simConfig_BOARD_BootClockRUN
 .rodata.oscConfig_BOARD_BootClockRUN
                0x0000917c        0x8 ./sources/clock_config.o
                0x0000917c                oscConfig_BOARD_BootClockRUN
 .rodata.__func__.6373
                0x00009184       0x14 ./sources/pin_mux.o
 .rodata.__func__.6335
                0x00009198       0x18 ./drivers/fsl_clock.o
 .rodata.fllFactorTable.6456
                0x000091b0       0x10 ./drivers/fsl_clock.o
 .rodata.__func__.6471
                0x000091c0       0x14 ./drivers/fsl_clock.o
 .rodata.__func__.6516
                0x000091d4       0x14 ./drivers/fsl_clock.o
 .rodata.__func__.6658
                0x000091e8       0x14 ./drivers/fsl_clock.o
 .rodata.__func__.6725
                0x000091fc       0x14 ./drivers/fsl_clock.o
 .rodata.s_portBases
                0x00009210       0x14 ./drivers/fsl_gpio.o
 .rodata.s_gpioBases
                0x00009224       0x14 ./drivers/fsl_gpio.o
 .rodata.__func__.6348
                0x00009238       0x14 ./drivers/fsl_gpio.o
 .rodata.__func__.6354
                0x0000924c       0x10 ./drivers/fsl_gpio.o
 .rodata.s_uartBases
                0x0000925c       0x18 ./drivers/fsl_uart.o
 .rodata.s_uartClock
                0x00009274       0x18 ./drivers/fsl_uart.o
 .rodata.__func__.6529
                0x0000928c       0x14 ./drivers/fsl_uart.o
 .rodata.__func__.6545
                0x000092a0        0xc ./drivers/fsl_uart.o
 .rodata.__func__.6563
                0x000092ac       0x18 ./drivers/fsl_uart.o
 .rodata.__func__.6623
                0x000092c4       0x14 ./drivers/fsl_uart.o
 .rodata.str1.1
                0x000092d8        0x2 c:/freescale/kds_v3/toolchain/bin/../lib/gcc/arm-none-eabi/4.8.4/../../../../arm-none-eabi/lib/armv7e-m/fpu\libg_s.a(lib_a-impure.o)
 *fill*         0x000092da        0x2 
 .rodata._global_impure_ptr
                0x000092dc        0x4 c:/freescale/kds_v3/toolchain/bin/../lib/gcc/arm-none-eabi/4.8.4/../../../../arm-none-eabi/lib/armv7e-m/fpu\libg_s.a(lib_a-impure.o)
                0x000092dc                _global_impure_ptr
 .rodata.str1.1
                0x000092e0       0x11 c:/freescale/kds_v3/toolchain/bin/../lib/gcc/arm-none-eabi/4.8.4/../../../../arm-none-eabi/lib/armv7e-m/fpu\libg_s.a(lib_a-svfprintf.o)
 .rodata.str1.1
                0x000092f1       0x22 c:/freescale/kds_v3/toolchain/bin/../lib/gcc/arm-none-eabi/4.8.4/../../../../arm-none-eabi/lib/armv7e-m/fpu\libg_s.a(lib_a-vfprintf_i.o)
 *(.glue_7)
 .glue_7        0x00000000        0x0 linker stubs
 *(.glue_7t)
 .glue_7t       0x00000000        0x0 linker stubs
 *(.eh_frame)
 *fill*         0x00009313        0x1 
 .eh_frame      0x00009314        0x0 c:/freescale/kds_v3/toolchain/bin/../lib/gcc/arm-none-eabi/4.8.4/armv7e-m/fpu/crtbegin.o
 *(.init)
 .init          0x00009314        0x4 c:/freescale/kds_v3/toolchain/bin/../lib/gcc/arm-none-eabi/4.8.4/armv7e-m/fpu/crti.o
                0x00009314                _init
 .init          0x00009318        0x8 c:/freescale/kds_v3/toolchain/bin/../lib/gcc/arm-none-eabi/4.8.4/armv7e-m/fpu/crtn.o
 *(.fini)
 .fini          0x00009320        0x4 c:/freescale/kds_v3/toolchain/bin/../lib/gcc/arm-none-eabi/4.8.4/armv7e-m/fpu/crti.o
                0x00009320                _fini
 .fini          0x00009324        0x8 c:/freescale/kds_v3/toolchain/bin/../lib/gcc/arm-none-eabi/4.8.4/armv7e-m/fpu/crtn.o
                0x0000932c                . = ALIGN (0x4)

.vfp11_veneer   0x0000932c        0x0
 .vfp11_veneer  0x00000000        0x0 linker stubs

.v4_bx          0x0000932c        0x0
 .v4_bx         0x00000000        0x0 linker stubs

.iplt           0x0000932c        0x0
 .iplt          0x00000000        0x0 c:/freescale/kds_v3/toolchain/bin/../lib/gcc/arm-none-eabi/4.8.4/armv7e-m/fpu/crtbegin.o

.ARM.extab
 *(.ARM.extab* .gnu.linkonce.armextab.*)

.ARM            0x0000932c        0x8
                0x0000932c                __exidx_start = .
 *(.ARM.exidx*)
 .ARM.exidx     0x0000932c        0x8 c:/freescale/kds_v3/toolchain/bin/../lib/gcc/arm-none-eabi/4.8.4/../../../../arm-none-eabi/lib/armv7e-m/fpu/crt0.o
                0x00009334                __exidx_end = .

.rel.dyn        0x00009334        0x0
 .rel.iplt      0x00000000        0x0 c:/freescale/kds_v3/toolchain/bin/../lib/gcc/arm-none-eabi/4.8.4/armv7e-m/fpu/crtbegin.o

.ctors          0x00009334        0x0
                0x00009334                __CTOR_LIST__ = .
 *crtbegin.o(.ctors)
 *crtbegin?.o(.ctors)
 *(EXCLUDE_FILE(*crtend.o *crtend?.o) .ctors)
 *(SORT(.ctors.*))
 *(.ctors)
                0x00009334                __CTOR_END__ = .

.dtors          0x00009334        0x0
                0x00009334                __DTOR_LIST__ = .
 *crtbegin.o(.dtors)
 *crtbegin?.o(.dtors)
 *(EXCLUDE_FILE(*crtend.o *crtend?.o) .dtors)
 *(SORT(.dtors.*))
 *(.dtors)
                0x00009334                __DTOR_END__ = .

.preinit_array  0x00009334        0x0
                0x00009334                PROVIDE (__preinit_array_start, .)
 *(.preinit_array*)
                0x00009334                PROVIDE (__preinit_array_end, .)

.init_array     0x00009334        0x4
                0x00009334                PROVIDE (__init_array_start, .)
 *(SORT(.init_array.*))
 *(.init_array*)
 .init_array    0x00009334        0x4 c:/freescale/kds_v3/toolchain/bin/../lib/gcc/arm-none-eabi/4.8.4/armv7e-m/fpu/crtbegin.o
                0x00009338                PROVIDE (__init_array_end, .)

.fini_array     0x00009338        0x4
                0x00009338                PROVIDE (__fini_array_start, .)
 *(SORT(.fini_array.*))
 *(.fini_array*)
 .fini_array    0x00009338        0x4 c:/freescale/kds_v3/toolchain/bin/../lib/gcc/arm-none-eabi/4.8.4/armv7e-m/fpu/crtbegin.o
                0x0000933c                PROVIDE (__fini_array_end, .)
                0x0000933c                __etext = .
                0x0000933c                __DATA_ROM = .

.interrupts_ram
                0x1fff0000        0x0
                0x1fff0000                . = ALIGN (0x4)
                0x1fff0000                __VECTOR_RAM__ = .
                0x1fff0000                __interrupts_ram_start__ = .
 *(.m_interrupts_ram)
                0x1fff0000                . = (. + M_VECTOR_RAM_SIZE)
                0x1fff0000                . = ALIGN (0x4)
                0x1fff0000                __interrupts_ram_end__ = .
                0x00000000                __VECTOR_RAM = DEFINED (__ram_vector_table__)?__VECTOR_RAM__:ORIGIN (m_interrupts)
                0x00000000                __RAM_VECTOR_TABLE_SIZE_BYTES = DEFINED (__ram_vector_table__)?(__interrupts_ram_end__ - __interrupts_ram_start__):0x0

.data           0x1fff0000       0x94 load address 0x0000933c
                0x1fff0000                . = ALIGN (0x4)
                0x1fff0000                __DATA_RAM = .
                0x1fff0000                __data_start__ = .
 *(.data)
 *(.data*)
 .data.led_config
                0x1fff0000        0x4 ./sources/main.o
                0x1fff0000                led_config
 .data.p.8053   0x1fff0004        0x4 ./sources/main.o
 .data.p.8064   0x1fff0008        0x4 ./sources/main.o
 .data.p.8077   0x1fff000c        0x4 ./sources/main.o
 .data.readyEventsEnabled
                0x1fff0010        0x4 ./sources/trcKernel.o
 .data.TraceObjectClassTable
                0x1fff0014        0x8 ./sources/trcKernelPortFreeRTOS.o
                0x1fff0014                TraceObjectClassTable
 .data.uxCriticalNesting
                0x1fff001c        0x4 ./freertos/Source/portable/GCC/ARM_CM4F/port.o
 .data.s_slowIrcFreq
                0x1fff0020        0x4 ./drivers/fsl_clock.o
 .data.s_fastIrcFreq
                0x1fff0024        0x4 ./drivers/fsl_clock.o
 .data.SystemCoreClock
                0x1fff0028        0x4 ./devices/system_MK64F12.o
                0x1fff0028                SystemCoreClock
 .data.impure_data
                0x1fff002c       0x60 c:/freescale/kds_v3/toolchain/bin/../lib/gcc/arm-none-eabi/4.8.4/../../../../arm-none-eabi/lib/armv7e-m/fpu\libg_s.a(lib_a-impure.o)
 .data._impure_ptr
                0x1fff008c        0x4 c:/freescale/kds_v3/toolchain/bin/../lib/gcc/arm-none-eabi/4.8.4/../../../../arm-none-eabi/lib/armv7e-m/fpu\libg_s.a(lib_a-impure.o)
                0x1fff008c                _impure_ptr
 *(.jcr*)
 .jcr           0x1fff0090        0x0 c:/freescale/kds_v3/toolchain/bin/../lib/gcc/arm-none-eabi/4.8.4/armv7e-m/fpu/crtbegin.o
 .jcr           0x1fff0090        0x4 c:/freescale/kds_v3/toolchain/bin/../lib/gcc/arm-none-eabi/4.8.4/armv7e-m/fpu/crtend.o
                0x1fff0094                . = ALIGN (0x4)
                0x1fff0094                __data_end__ = .
                0x000093d0                __DATA_END = (__DATA_ROM + (__data_end__ - __data_start__))
                0x00100000                text_end = (ORIGIN (m_text) + 0xffbf0)
                0x00000001                ASSERT ((__DATA_END <= text_end), region m_text overflowed with text and data)

.igot.plt       0x1fff0094        0x0 load address 0x000093d0
 .igot.plt      0x00000000        0x0 c:/freescale/kds_v3/toolchain/bin/../lib/gcc/arm-none-eabi/4.8.4/armv7e-m/fpu/crtbegin.o

.bss            0x1fff0094     0x42ec load address 0x000093d0
                0x1fff0094                . = ALIGN (0x4)
                0x1fff0094                __START_BSS = .
                0x1fff0094                __bss_start__ = .
 *(.bss)
 .bss           0x1fff0094       0x1c c:/freescale/kds_v3/toolchain/bin/../lib/gcc/arm-none-eabi/4.8.4/armv7e-m/fpu/crtbegin.o
 *(.bss*)
 .bss.s_debugConsole
                0x1fff00b0       0x10 ./utilities/fsl_debug_console.o
 .bss.heap_end.4522
                0x1fff00c0        0x4 ./utilities/fsl_sbrk.o
 .bss.log_queue
                0x1fff00c4        0x4 ./sources/main.o
 .bss.g_ButtonPress
                0x1fff00c8        0x1 ./sources/main.o
                0x1fff00c8                g_ButtonPress
 *fill*         0x1fff00c9        0x3 
 .bss.sw_config
                0x1fff00cc        0x4 ./sources/main.o
                0x1fff00cc                sw_config
 .bss.i.8051    0x1fff00d0        0x2 ./sources/main.o
 *fill*         0x1fff00d2        0x2 
 .bss.Dato.8052
                0x1fff00d4        0x8 ./sources/main.o
 .bss.Dato.8063
                0x1fff00dc        0x8 ./sources/main.o
 .bss.Dato.8076
                0x1fff00e4        0x8 ./sources/main.o
 .bss.log.8089  0x1fff00ec        0x4 ./sources/main.o
 .bss.recibidoSensor.8087
                0x1fff00f0        0x2 ./sources/main.o
 *fill*         0x1fff00f2        0x2 
 .bss.recibidoUsuario.8088
                0x1fff00f4        0x4 ./sources/main.o
 .bss.excludedObjects
                0x1fff00f8        0x8 ./sources/trcBase.o
                0x1fff00f8                excludedObjects
 .bss.excludedEventCodes
                0x1fff0100       0x24 ./sources/trcBase.o
                0x1fff0100                excludedEventCodes
 .bss.objectHandleStacks
                0x1fff0124       0x70 ./sources/trcBase.o
                0x1fff0124                objectHandleStacks
 .bss.init_hwtc_count
                0x1fff0194        0x4 ./sources/trcBase.o
                0x1fff0194                init_hwtc_count
 .bss.RecorderData
                0x1fff0198     0x17e0 ./sources/trcBase.o
                0x1fff0198                RecorderData
 .bss.RecorderDataPtr
                0x1fff1978        0x4 ./sources/trcBase.o
                0x1fff1978                RecorderDataPtr
 .bss.recorder_busy
                0x1fff197c        0x4 ./sources/trcBase.o
                0x1fff197c                recorder_busy
 .bss.traceErrorMessage
                0x1fff1980        0x4 ./sources/trcBase.o
                0x1fff1980                traceErrorMessage
 .bss.indexOfHandle.6986
                0x1fff1984        0x4 ./sources/trcBase.o
 .bss.idx.7005  0x1fff1988        0x2 ./sources/trcBase.o
 *fill*         0x1fff198a        0x2 
 .bss.old_timestamp.7032
                0x1fff198c        0x4 ./sources/trcBase.o
 .bss.trace_disable_timestamp
                0x1fff1990        0x4 ./sources/trcHardwarePort.o
                0x1fff1990                trace_disable_timestamp
 .bss.last_timestamp
                0x1fff1994        0x4 ./sources/trcHardwarePort.o
 .bss.uiTraceTickCount
                0x1fff1998        0x4 ./sources/trcHardwarePort.o
                0x1fff1998                uiTraceTickCount
 .bss.last_traceTickCount.6965
                0x1fff199c        0x4 ./sources/trcHardwarePort.o
 .bss.last_hwtc_count.6963
                0x1fff19a0        0x4 ./sources/trcHardwarePort.o
 .bss.nISRactive
                0x1fff19a4        0x1 ./sources/trcKernel.o
                0x1fff19a4                nISRactive
 .bss.handle_of_last_logged_task
                0x1fff19a5        0x1 ./sources/trcKernel.o
                0x1fff19a5                handle_of_last_logged_task
 .bss.inExcludedTask
                0x1fff19a6        0x1 ./sources/trcKernel.o
                0x1fff19a6                inExcludedTask
 *fill*         0x1fff19a7        0x1 
 .bss.heapMemUsage
                0x1fff19a8        0x4 ./sources/trcKernel.o
 .bss.isPendingContextSwitch
                0x1fff19ac        0x4 ./sources/trcUser.o
                0x1fff19ac                isPendingContextSwitch
 .bss.ucHeap    0x1fff19b0     0x2800 ./freertos/Source/portable/MemMang/heap_4.o
 .bss.xStart    0x1fff41b0        0x8 ./freertos/Source/portable/MemMang/heap_4.o
 .bss.pxEnd     0x1fff41b8        0x4 ./freertos/Source/portable/MemMang/heap_4.o
 .bss.xFreeBytesRemaining
                0x1fff41bc        0x4 ./freertos/Source/portable/MemMang/heap_4.o
 .bss.xMinimumEverFreeBytesRemaining
                0x1fff41c0        0x4 ./freertos/Source/portable/MemMang/heap_4.o
 .bss.xBlockAllocatedBit
                0x1fff41c4        0x4 ./freertos/Source/portable/MemMang/heap_4.o
 .bss.ucMaxSysCallPriority
                0x1fff41c8        0x1 ./freertos/Source/portable/GCC/ARM_CM4F/port.o
 *fill*         0x1fff41c9        0x3 
 .bss.ulMaxPRIGROUPValue
                0x1fff41cc        0x4 ./freertos/Source/portable/GCC/ARM_CM4F/port.o
 .bss.xQueueRegistry
                0x1fff41d0       0x40 ./freertos/Source/queue.o
                0x1fff41d0                xQueueRegistry
 .bss.pxCurrentTCB
                0x1fff4210        0x4 ./freertos/Source/tasks.o
                0x1fff4210                pxCurrentTCB
 .bss.pxReadyTasksLists
                0x1fff4214       0x64 ./freertos/Source/tasks.o
 .bss.xDelayedTaskList1
                0x1fff4278       0x14 ./freertos/Source/tasks.o
 .bss.xDelayedTaskList2
                0x1fff428c       0x14 ./freertos/Source/tasks.o
 .bss.pxDelayedTaskList
                0x1fff42a0        0x4 ./freertos/Source/tasks.o
 .bss.pxOverflowDelayedTaskList
                0x1fff42a4        0x4 ./freertos/Source/tasks.o
 .bss.xPendingReadyList
                0x1fff42a8       0x14 ./freertos/Source/tasks.o
 .bss.xTasksWaitingTermination
                0x1fff42bc       0x14 ./freertos/Source/tasks.o
 .bss.uxDeletedTasksWaitingCleanUp
                0x1fff42d0        0x4 ./freertos/Source/tasks.o
 .bss.xSuspendedTaskList
                0x1fff42d4       0x14 ./freertos/Source/tasks.o
 .bss.uxCurrentNumberOfTasks
                0x1fff42e8        0x4 ./freertos/Source/tasks.o
 .bss.xTickCount
                0x1fff42ec        0x4 ./freertos/Source/tasks.o
 .bss.uxTopReadyPriority
                0x1fff42f0        0x4 ./freertos/Source/tasks.o
 .bss.xSchedulerRunning
                0x1fff42f4        0x4 ./freertos/Source/tasks.o
 .bss.uxPendedTicks
                0x1fff42f8        0x4 ./freertos/Source/tasks.o
 .bss.xYieldPending
                0x1fff42fc        0x4 ./freertos/Source/tasks.o
 .bss.xNumOfOverflows
                0x1fff4300        0x4 ./freertos/Source/tasks.o
 .bss.uxTaskNumber
                0x1fff4304        0x4 ./freertos/Source/tasks.o
 .bss.xNextTaskUnblockTime
                0x1fff4308        0x4 ./freertos/Source/tasks.o
 .bss.xIdleTaskHandle
                0x1fff430c        0x4 ./freertos/Source/tasks.o
 .bss.uxSchedulerSuspended
                0x1fff4310        0x4 ./freertos/Source/tasks.o
 .bss.xActiveTimerList1
                0x1fff4314       0x14 ./freertos/Source/timers.o
 .bss.xActiveTimerList2
                0x1fff4328       0x14 ./freertos/Source/timers.o
 .bss.pxCurrentTimerList
                0x1fff433c        0x4 ./freertos/Source/timers.o
 .bss.pxOverflowTimerList
                0x1fff4340        0x4 ./freertos/Source/timers.o
 .bss.xTimerQueue
                0x1fff4344        0x4 ./freertos/Source/timers.o
 .bss.xTimerTaskHandle
                0x1fff4348        0x4 ./freertos/Source/timers.o
 .bss.xLastTime.7891
                0x1fff434c        0x4 ./freertos/Source/timers.o
 .bss.g_xtal0Freq
                0x1fff4350        0x4 ./drivers/fsl_clock.o
                0x1fff4350                g_xtal0Freq
 .bss.g_xtal32Freq
                0x1fff4354        0x4 ./drivers/fsl_clock.o
                0x1fff4354                g_xtal32Freq
 .bss.s_uartHandle
                0x1fff4358       0x18 ./drivers/fsl_uart.o
 .bss.s_uartIsr
                0x1fff4370        0x4 ./drivers/fsl_uart.o
 .bss.__malloc_sbrk_start
                0x1fff4374        0x4 c:/freescale/kds_v3/toolchain/bin/../lib/gcc/arm-none-eabi/4.8.4/../../../../arm-none-eabi/lib/armv7e-m/fpu\libg_s.a(lib_a-nano-mallocr.o)
                0x1fff4374                __malloc_sbrk_start
 .bss.__malloc_free_list
                0x1fff4378        0x4 c:/freescale/kds_v3/toolchain/bin/../lib/gcc/arm-none-eabi/4.8.4/../../../../arm-none-eabi/lib/armv7e-m/fpu\libg_s.a(lib_a-nano-mallocr.o)
                0x1fff4378                __malloc_free_list
 *(COMMON)
 COMMON         0x1fff437c        0x4 c:/freescale/kds_v3/toolchain/bin/../lib/gcc/arm-none-eabi/4.8.4/../../../../arm-none-eabi/lib/armv7e-m/fpu\libg_s.a(lib_a-reent.o)
                0x1fff437c                errno
                0x1fff4380                . = ALIGN (0x4)
                0x1fff4380                __bss_end__ = .
                0x1fff4380                __END_BSS = .

.heap           0x20000000      0x400
                0x20000000                . = ALIGN (0x8)
                0x20000000                __end__ = .
                0x20000000                PROVIDE (end, .)
                0x20000000                __HeapBase = .
                0x20000400                . = (. + HEAP_SIZE)
 *fill*         0x20000000      0x400 
                0x20000400                __HeapLimit = .
                0x20000400                __heap_limit = .

.stack          0x20000400      0x400
                0x20000400                . = ALIGN (0x8)
                0x20000800                . = (. + STACK_SIZE)
 *fill*         0x20000400      0x400 
                0x20030000                __StackTop = (ORIGIN (m_data_2) + 0x30000)
                0x2002fc00                __StackLimit = (__StackTop - STACK_SIZE)
                0x20030000                PROVIDE (__stack, __StackTop)

.ARM.attributes
                0x00000000       0x30
 *(.ARM.attributes)
 .ARM.attributes
                0x00000000       0x22 c:/freescale/kds_v3/toolchain/bin/../lib/gcc/arm-none-eabi/4.8.4/armv7e-m/fpu/crti.o
 .ARM.attributes
                0x00000022       0x34 c:/freescale/kds_v3/toolchain/bin/../lib/gcc/arm-none-eabi/4.8.4/armv7e-m/fpu/crtbegin.o
 .ARM.attributes
                0x00000056       0x20 c:/freescale/kds_v3/toolchain/bin/../lib/gcc/arm-none-eabi/4.8.4/../../../../arm-none-eabi/lib/armv7e-m/fpu/crt0.o
 .ARM.attributes
                0x00000076       0x39 ./utilities/fsl_debug_console.o
 .ARM.attributes
                0x000000af       0x39 ./utilities/fsl_sbrk.o
 .ARM.attributes
                0x000000e8       0x39 ./sources/board.o
 .ARM.attributes
                0x00000121       0x39 ./sources/clock_config.o
 .ARM.attributes
                0x0000015a       0x39 ./sources/main.o
 .ARM.attributes
                0x00000193       0x39 ./sources/pin_mux.o
 .ARM.attributes
                0x000001cc       0x39 ./sources/trcBase.o
 .ARM.attributes
                0x00000205       0x39 ./sources/trcHardwarePort.o
 .ARM.attributes
                0x0000023e       0x39 ./sources/trcKernel.o
 .ARM.attributes
                0x00000277       0x39 ./sources/trcKernelPortFreeRTOS.o
 .ARM.attributes
                0x000002b0       0x39 ./sources/trcUser.o
 .ARM.attributes
                0x000002e9       0x39 ./freertos/Source/portable/MemMang/heap_4.o
 .ARM.attributes
                0x00000322       0x39 ./freertos/Source/portable/GCC/ARM_CM4F/fsl_tickless_systick.o
 .ARM.attributes
                0x0000035b       0x39 ./freertos/Source/portable/GCC/ARM_CM4F/port.o
 .ARM.attributes
                0x00000394       0x39 ./freertos/Source/list.o
 .ARM.attributes
                0x000003cd       0x39 ./freertos/Source/queue.o
 .ARM.attributes
                0x00000406       0x39 ./freertos/Source/tasks.o
 .ARM.attributes
                0x0000043f       0x39 ./freertos/Source/timers.o
 .ARM.attributes
                0x00000478       0x39 ./drivers/fsl_clock.o
 .ARM.attributes
                0x000004b1       0x39 ./drivers/fsl_common.o
 .ARM.attributes
                0x000004ea       0x39 ./drivers/fsl_gpio.o
 .ARM.attributes
                0x00000523       0x39 ./drivers/fsl_uart.o
 .ARM.attributes
                0x0000055c       0x1f ./devices/gcc/startup_MK64F12.o
 .ARM.attributes
                0x0000057b       0x39 ./devices/system_MK64F12.o
 .ARM.attributes
                0x000005b4       0x34 c:/freescale/kds_v3/toolchain/bin/../lib/gcc/arm-none-eabi/4.8.4/../../../../arm-none-eabi/lib/armv7e-m/fpu\libg_s.a(lib_a-errno.o)
 .ARM.attributes
                0x000005e8       0x34 c:/freescale/kds_v3/toolchain/bin/../lib/gcc/arm-none-eabi/4.8.4/../../../../arm-none-eabi/lib/armv7e-m/fpu\libg_s.a(lib_a-exit.o)
 .ARM.attributes
                0x0000061c       0x34 c:/freescale/kds_v3/toolchain/bin/../lib/gcc/arm-none-eabi/4.8.4/../../../../arm-none-eabi/lib/armv7e-m/fpu\libg_s.a(lib_a-impure.o)
 .ARM.attributes
                0x00000650       0x34 c:/freescale/kds_v3/toolchain/bin/../lib/gcc/arm-none-eabi/4.8.4/../../../../arm-none-eabi/lib/armv7e-m/fpu\libg_s.a(lib_a-init.o)
 .ARM.attributes
                0x00000684       0x34 c:/freescale/kds_v3/toolchain/bin/../lib/gcc/arm-none-eabi/4.8.4/../../../../arm-none-eabi/lib/armv7e-m/fpu\libg_s.a(lib_a-memcpy-stub.o)
 .ARM.attributes
                0x000006b8       0x34 c:/freescale/kds_v3/toolchain/bin/../lib/gcc/arm-none-eabi/4.8.4/../../../../arm-none-eabi/lib/armv7e-m/fpu\libg_s.a(lib_a-memset.o)
 .ARM.attributes
                0x000006ec       0x34 c:/freescale/kds_v3/toolchain/bin/../lib/gcc/arm-none-eabi/4.8.4/../../../../arm-none-eabi/lib/armv7e-m/fpu\libg_s.a(lib_a-sprintf.o)
 .ARM.attributes
                0x00000720       0x34 c:/freescale/kds_v3/toolchain/bin/../lib/gcc/arm-none-eabi/4.8.4/../../../../arm-none-eabi/lib/armv7e-m/fpu\libg_s.a(lib_a-strcat.o)
 .ARM.attributes
                0x00000754       0x34 c:/freescale/kds_v3/toolchain/bin/../lib/gcc/arm-none-eabi/4.8.4/../../../../arm-none-eabi/lib/armv7e-m/fpu\libg_s.a(lib_a-strlen.o)
 .ARM.attributes
                0x00000788       0x34 c:/freescale/kds_v3/toolchain/bin/../lib/gcc/arm-none-eabi/4.8.4/../../../../arm-none-eabi/lib/armv7e-m/fpu\libg_s.a(lib_a-strncmp.o)
 .ARM.attributes
                0x000007bc       0x34 c:/freescale/kds_v3/toolchain/bin/../lib/gcc/arm-none-eabi/4.8.4/../../../../arm-none-eabi/lib/armv7e-m/fpu\libg_s.a(lib_a-strncpy.o)
 .ARM.attributes
                0x000007f0       0x34 c:/freescale/kds_v3/toolchain/bin/../lib/gcc/arm-none-eabi/4.8.4/../../../../arm-none-eabi/lib/armv7e-m/fpu\libg_s.a(lib_a-svfprintf.o)
 .ARM.attributes
                0x00000824       0x34 c:/freescale/kds_v3/toolchain/bin/../lib/gcc/arm-none-eabi/4.8.4/../../../../arm-none-eabi/lib/armv7e-m/fpu\libg_s.a(lib_a-vfprintf_i.o)
 .ARM.attributes
                0x00000858       0x34 c:/freescale/kds_v3/toolchain/bin/../lib/gcc/arm-none-eabi/4.8.4/../../../../arm-none-eabi/lib/armv7e-m/fpu\libg_s.a(lib_a-memchr-stub.o)
 .ARM.attributes
                0x0000088c       0x34 c:/freescale/kds_v3/toolchain/bin/../lib/gcc/arm-none-eabi/4.8.4/../../../../arm-none-eabi/lib/armv7e-m/fpu\libg_s.a(lib_a-memmove.o)
 .ARM.attributes
                0x000008c0       0x34 c:/freescale/kds_v3/toolchain/bin/../lib/gcc/arm-none-eabi/4.8.4/../../../../arm-none-eabi/lib/armv7e-m/fpu\libg_s.a(lib_a-nano-freer.o)
 .ARM.attributes
                0x000008f4       0x34 c:/freescale/kds_v3/toolchain/bin/../lib/gcc/arm-none-eabi/4.8.4/../../../../arm-none-eabi/lib/armv7e-m/fpu\libg_s.a(lib_a-nano-mallocr.o)
 .ARM.attributes
                0x00000928       0x34 c:/freescale/kds_v3/toolchain/bin/../lib/gcc/arm-none-eabi/4.8.4/../../../../arm-none-eabi/lib/armv7e-m/fpu\libg_s.a(lib_a-nano-reallocr.o)
 .ARM.attributes
                0x0000095c       0x34 c:/freescale/kds_v3/toolchain/bin/../lib/gcc/arm-none-eabi/4.8.4/../../../../arm-none-eabi/lib/armv7e-m/fpu\libg_s.a(lib_a-sbrkr.o)
 .ARM.attributes
                0x00000990       0x34 c:/freescale/kds_v3/toolchain/bin/../lib/gcc/arm-none-eabi/4.8.4/../../../../arm-none-eabi/lib/armv7e-m/fpu\libg_s.a(lib_a-nano-msizer.o)
 .ARM.attributes
                0x000009c4       0x34 c:/freescale/kds_v3/toolchain/bin/../lib/gcc/arm-none-eabi/4.8.4/../../../../arm-none-eabi/lib/armv7e-m/fpu\libg_s.a(lib_a-reent.o)
 .ARM.attributes
                0x000009f8       0x34 c:/freescale/kds_v3/toolchain/bin/../lib/gcc/arm-none-eabi/4.8.4/../../../../arm-none-eabi/lib/armv7e-m/fpu\libnosys.a(_exit.o)
 .ARM.attributes
                0x00000a2c       0x34 c:/freescale/kds_v3/toolchain/bin/../lib/gcc/arm-none-eabi/4.8.4/armv7e-m/fpu/crtend.o
 .ARM.attributes
                0x00000a60       0x22 c:/freescale/kds_v3/toolchain/bin/../lib/gcc/arm-none-eabi/4.8.4/armv7e-m/fpu/crtn.o
                0x00000001                ASSERT ((__StackLimit >= __HeapLimit), region m_data_2 overflowed with stack and heap)
OUTPUT(SO2_TP4.elf elf32-littlearm)

.debug_info     0x00000000     0xfeba
 .debug_info    0x00000000      0xd6c ./utilities/fsl_debug_console.o
 .debug_info    0x00000d6c      0x10e ./utilities/fsl_sbrk.o
 .debug_info    0x00000e7a      0x2c6 ./sources/board.o
 .debug_info    0x00001140      0x9d6 ./sources/clock_config.o
 .debug_info    0x00001b16      0xf9e ./sources/main.o
 .debug_info    0x00002ab4      0x802 ./sources/pin_mux.o
 .debug_info    0x000032b6      0xb0d ./sources/trcBase.o
 .debug_info    0x00003dc3      0x14d ./sources/trcHardwarePort.o
 .debug_info    0x00003f10     0x108e ./sources/trcKernel.o
 .debug_info    0x00004f9e      0x6f3 ./sources/trcKernelPortFreeRTOS.o
 .debug_info    0x00005691      0xea0 ./sources/trcUser.o
 .debug_info    0x00006531      0x3d1 ./freertos/Source/portable/MemMang/heap_4.o
 .debug_info    0x00006902       0xc9 ./freertos/Source/portable/GCC/ARM_CM4F/fsl_tickless_systick.o
 .debug_info    0x000069cb      0x4db ./freertos/Source/portable/GCC/ARM_CM4F/port.o
 .debug_info    0x00006ea6      0x2b2 ./freertos/Source/list.o
 .debug_info    0x00007158     0x14d8 ./freertos/Source/queue.o
 .debug_info    0x00008630     0x1f71 ./freertos/Source/tasks.o
 .debug_info    0x0000a5a1      0xd4b ./freertos/Source/timers.o
 .debug_info    0x0000b2ec     0x1ede ./drivers/fsl_clock.o
 .debug_info    0x0000d1ca      0x6b4 ./drivers/fsl_common.o
 .debug_info    0x0000d87e      0x59b ./drivers/fsl_gpio.o
 .debug_info    0x0000de19     0x1a55 ./drivers/fsl_uart.o
 .debug_info    0x0000f86e       0x76 ./devices/gcc/startup_MK64F12.o
 .debug_info    0x0000f8e4      0x5d6 ./devices/system_MK64F12.o

.debug_abbrev   0x00000000     0x2c74
 .debug_abbrev  0x00000000      0x289 ./utilities/fsl_debug_console.o
 .debug_abbrev  0x00000289       0xa0 ./utilities/fsl_sbrk.o
 .debug_abbrev  0x00000329       0xfd ./sources/board.o
 .debug_abbrev  0x00000426      0x1e5 ./sources/clock_config.o
 .debug_abbrev  0x0000060b      0x253 ./sources/main.o
 .debug_abbrev  0x0000085e      0x1d2 ./sources/pin_mux.o
 .debug_abbrev  0x00000a30      0x2a7 ./sources/trcBase.o
 .debug_abbrev  0x00000cd7       0xa1 ./sources/trcHardwarePort.o
 .debug_abbrev  0x00000d78      0x2bd ./sources/trcKernel.o
 .debug_abbrev  0x00001035      0x18c ./sources/trcKernelPortFreeRTOS.o
 .debug_abbrev  0x000011c1      0x391 ./sources/trcUser.o
 .debug_abbrev  0x00001552      0x1d1 ./freertos/Source/portable/MemMang/heap_4.o
 .debug_abbrev  0x00001723       0x78 ./freertos/Source/portable/GCC/ARM_CM4F/fsl_tickless_systick.o
 .debug_abbrev  0x0000179b      0x21a ./freertos/Source/portable/GCC/ARM_CM4F/port.o
 .debug_abbrev  0x000019b5       0xd8 ./freertos/Source/list.o
 .debug_abbrev  0x00001a8d      0x242 ./freertos/Source/queue.o
 .debug_abbrev  0x00001ccf      0x2da ./freertos/Source/tasks.o
 .debug_abbrev  0x00001fa9      0x20a ./freertos/Source/timers.o
 .debug_abbrev  0x000021b3      0x2fe ./drivers/fsl_clock.o
 .debug_abbrev  0x000024b1      0x230 ./drivers/fsl_common.o
 .debug_abbrev  0x000026e1      0x192 ./drivers/fsl_gpio.o
 .debug_abbrev  0x00002873      0x2d6 ./drivers/fsl_uart.o
 .debug_abbrev  0x00002b49       0x14 ./devices/gcc/startup_MK64F12.o
 .debug_abbrev  0x00002b5d      0x117 ./devices/system_MK64F12.o

.debug_aranges  0x00000000      0xd60
 .debug_aranges
                0x00000000       0x90 ./utilities/fsl_debug_console.o
 .debug_aranges
                0x00000090       0x20 ./utilities/fsl_sbrk.o
 .debug_aranges
                0x000000b0       0x20 ./sources/board.o
 .debug_aranges
                0x000000d0       0x50 ./sources/clock_config.o
 .debug_aranges
                0x00000120       0x70 ./sources/main.o
 .debug_aranges
                0x00000190       0x38 ./sources/pin_mux.o
 .debug_aranges
                0x000001c8       0x90 ./sources/trcBase.o
 .debug_aranges
                0x00000258       0x20 ./sources/trcHardwarePort.o
 .debug_aranges
                0x00000278       0x98 ./sources/trcKernel.o
 .debug_aranges
                0x00000310       0x70 ./sources/trcKernelPortFreeRTOS.o
 .debug_aranges
                0x00000380       0xd8 ./sources/trcUser.o
 .debug_aranges
                0x00000458       0x50 ./freertos/Source/portable/MemMang/heap_4.o
 .debug_aranges
                0x000004a8       0x20 ./freertos/Source/portable/GCC/ARM_CM4F/fsl_tickless_systick.o
 .debug_aranges
                0x000004c8       0x78 ./freertos/Source/portable/GCC/ARM_CM4F/port.o
 .debug_aranges
                0x00000540       0x40 ./freertos/Source/list.o
 .debug_aranges
                0x00000580      0x118 ./freertos/Source/queue.o
 .debug_aranges
                0x00000698      0x1e8 ./freertos/Source/tasks.o
 .debug_aranges
                0x00000880       0xc8 ./freertos/Source/timers.o
 .debug_aranges
                0x00000948      0x1e8 ./drivers/fsl_clock.o
 .debug_aranges
                0x00000b30       0x38 ./drivers/fsl_common.o
 .debug_aranges
                0x00000b68       0x40 ./drivers/fsl_gpio.o
 .debug_aranges
                0x00000ba8      0x170 ./drivers/fsl_uart.o
 .debug_aranges
                0x00000d18       0x20 ./devices/gcc/startup_MK64F12.o
 .debug_aranges
                0x00000d38       0x28 ./devices/system_MK64F12.o

.debug_ranges   0x00000000      0xbd0
 .debug_ranges  0x00000000       0x80 ./utilities/fsl_debug_console.o
 .debug_ranges  0x00000080       0x10 ./utilities/fsl_sbrk.o
 .debug_ranges  0x00000090       0x10 ./sources/board.o
 .debug_ranges  0x000000a0       0x40 ./sources/clock_config.o
 .debug_ranges  0x000000e0       0x60 ./sources/main.o
 .debug_ranges  0x00000140       0x28 ./sources/pin_mux.o
 .debug_ranges  0x00000168       0x80 ./sources/trcBase.o
 .debug_ranges  0x000001e8       0x10 ./sources/trcHardwarePort.o
 .debug_ranges  0x000001f8       0x88 ./sources/trcKernel.o
 .debug_ranges  0x00000280       0x60 ./sources/trcKernelPortFreeRTOS.o
 .debug_ranges  0x000002e0       0xc8 ./sources/trcUser.o
 .debug_ranges  0x000003a8       0x40 ./freertos/Source/portable/MemMang/heap_4.o
 .debug_ranges  0x000003e8       0x10 ./freertos/Source/portable/GCC/ARM_CM4F/fsl_tickless_systick.o
 .debug_ranges  0x000003f8       0x68 ./freertos/Source/portable/GCC/ARM_CM4F/port.o
 .debug_ranges  0x00000460       0x30 ./freertos/Source/list.o
 .debug_ranges  0x00000490      0x108 ./freertos/Source/queue.o
 .debug_ranges  0x00000598      0x1d8 ./freertos/Source/tasks.o
 .debug_ranges  0x00000770       0xb8 ./freertos/Source/timers.o
 .debug_ranges  0x00000828      0x1d8 ./drivers/fsl_clock.o
 .debug_ranges  0x00000a00       0x28 ./drivers/fsl_common.o
 .debug_ranges  0x00000a28       0x30 ./drivers/fsl_gpio.o
 .debug_ranges  0x00000a58      0x160 ./drivers/fsl_uart.o
 .debug_ranges  0x00000bb8       0x18 ./devices/system_MK64F12.o

.debug_line     0x00000000     0x59c8
 .debug_line    0x00000000      0x53c ./utilities/fsl_debug_console.o
 .debug_line    0x0000053c       0x93 ./utilities/fsl_sbrk.o
 .debug_line    0x000005cf       0xe8 ./sources/board.o
 .debug_line    0x000006b7      0x196 ./sources/clock_config.o
 .debug_line    0x0000084d      0x2e3 ./sources/main.o
 .debug_line    0x00000b30      0x149 ./sources/pin_mux.o
 .debug_line    0x00000c79      0x40a ./sources/trcBase.o
 .debug_line    0x00001083       0xdf ./sources/trcHardwarePort.o
 .debug_line    0x00001162      0x477 ./sources/trcKernel.o
 .debug_line    0x000015d9      0x21f ./sources/trcKernelPortFreeRTOS.o
 .debug_line    0x000017f8      0x537 ./sources/trcUser.o
 .debug_line    0x00001d2f      0x264 ./freertos/Source/portable/MemMang/heap_4.o
 .debug_line    0x00001f93       0xf6 ./freertos/Source/portable/GCC/ARM_CM4F/fsl_tickless_systick.o
 .debug_line    0x00002089      0x2d9 ./freertos/Source/portable/GCC/ARM_CM4F/port.o
 .debug_line    0x00002362      0x18e ./freertos/Source/list.o
 .debug_line    0x000024f0      0x9e4 ./freertos/Source/queue.o
 .debug_line    0x00002ed4      0xe7d ./freertos/Source/tasks.o
 .debug_line    0x00003d51      0x5cd ./freertos/Source/timers.o
 .debug_line    0x0000431e      0x8ec ./drivers/fsl_clock.o
 .debug_line    0x00004c0a      0x1bf ./drivers/fsl_common.o
 .debug_line    0x00004dc9      0x171 ./drivers/fsl_gpio.o
 .debug_line    0x00004f3a      0x7da ./drivers/fsl_uart.o
 .debug_line    0x00005714      0x183 ./devices/gcc/startup_MK64F12.o
 .debug_line    0x00005897      0x131 ./devices/system_MK64F12.o

.debug_str      0x00000000     0x69d8
 .debug_str     0x00000000      0xc63 ./utilities/fsl_debug_console.o
                                0xd05 (size before relaxing)
 .debug_str     0x00000c63       0x50 ./utilities/fsl_sbrk.o
                                0x222 (size before relaxing)
 .debug_str     0x00000cb3       0x39 ./sources/board.o
                                0x2d7 (size before relaxing)
 .debug_str     0x00000cec      0x6fe ./sources/clock_config.o
                                0xddf (size before relaxing)
 .debug_str     0x000013ea      0xc40 ./sources/main.o
                               0x1340 (size before relaxing)
 .debug_str     0x0000202a      0x60c ./sources/pin_mux.o
                                0x922 (size before relaxing)
 .debug_str     0x00002636      0x35a ./sources/trcBase.o
                                0x95d (size before relaxing)
 .debug_str     0x00002990       0xac ./sources/trcHardwarePort.o
                                0x2ad (size before relaxing)
 .debug_str     0x00002a3c      0x383 ./sources/trcKernel.o
                                0xa15 (size before relaxing)
 .debug_str     0x00002dbf      0x17c ./sources/trcKernelPortFreeRTOS.o
                                0x810 (size before relaxing)
 .debug_str     0x00002f3b      0x29c ./sources/trcUser.o
                                0x9b9 (size before relaxing)
 .debug_str     0x000031d7      0x20a ./freertos/Source/portable/MemMang/heap_4.o
                                0x400 (size before relaxing)
 .debug_str     0x000033e1       0x59 ./freertos/Source/portable/GCC/ARM_CM4F/fsl_tickless_systick.o
                                0x25b (size before relaxing)
 .debug_str     0x0000343a      0x22a ./freertos/Source/portable/GCC/ARM_CM4F/port.o
                                0x450 (size before relaxing)
 .debug_str     0x00003664      0x12c ./freertos/Source/list.o
                                0x340 (size before relaxing)
 .debug_str     0x00003790      0x583 ./freertos/Source/queue.o
                                0x91f (size before relaxing)
 .debug_str     0x00003d13      0xc10 ./freertos/Source/tasks.o
                               0x10b5 (size before relaxing)
 .debug_str     0x00004923      0x4e4 ./freertos/Source/timers.o
                                0x87b (size before relaxing)
 .debug_str     0x00004e07      0xdb7 ./drivers/fsl_clock.o
                               0x1c17 (size before relaxing)
 .debug_str     0x00005bbe      0x14d ./drivers/fsl_common.o
                                0x877 (size before relaxing)
 .debug_str     0x00005d0b       0xb1 ./drivers/fsl_gpio.o
                                0x83b (size before relaxing)
 .debug_str     0x00005dbc      0xb6d ./drivers/fsl_uart.o
                               0x1cca (size before relaxing)
 .debug_str     0x00006929       0xaf ./devices/system_MK64F12.o
                                0x3e2 (size before relaxing)

.comment        0x00000000       0x70
 .comment       0x00000000       0x70 ./utilities/fsl_debug_console.o
                                 0x71 (size before relaxing)
 .comment       0x00000000       0x71 ./utilities/fsl_sbrk.o
 .comment       0x00000000       0x71 ./sources/board.o
 .comment       0x00000000       0x71 ./sources/clock_config.o
 .comment       0x00000000       0x71 ./sources/main.o
 .comment       0x00000000       0x71 ./sources/pin_mux.o
 .comment       0x00000000       0x71 ./sources/trcBase.o
 .comment       0x00000000       0x71 ./sources/trcHardwarePort.o
 .comment       0x00000000       0x71 ./sources/trcKernel.o
 .comment       0x00000000       0x71 ./sources/trcKernelPortFreeRTOS.o
 .comment       0x00000000       0x71 ./sources/trcUser.o
 .comment       0x00000000       0x71 ./freertos/Source/portable/MemMang/heap_4.o
 .comment       0x00000000       0x71 ./freertos/Source/portable/GCC/ARM_CM4F/fsl_tickless_systick.o
 .comment       0x00000000       0x71 ./freertos/Source/portable/GCC/ARM_CM4F/port.o
 .comment       0x00000000       0x71 ./freertos/Source/list.o
 .comment       0x00000000       0x71 ./freertos/Source/queue.o
 .comment       0x00000000       0x71 ./freertos/Source/tasks.o
 .comment       0x00000000       0x71 ./freertos/Source/timers.o
 .comment       0x00000000       0x71 ./drivers/fsl_clock.o
 .comment       0x00000000       0x71 ./drivers/fsl_common.o
 .comment       0x00000000       0x71 ./drivers/fsl_gpio.o
 .comment       0x00000000       0x71 ./drivers/fsl_uart.o
 .comment       0x00000000       0x71 ./devices/system_MK64F12.o

.debug_frame    0x00000000     0x2f4c
 .debug_frame   0x00000000      0x1ec ./utilities/fsl_debug_console.o
 .debug_frame   0x000001ec       0x30 ./utilities/fsl_sbrk.o
 .debug_frame   0x0000021c       0x30 ./sources/board.o
 .debug_frame   0x0000024c       0xd0 ./sources/clock_config.o
 .debug_frame   0x0000031c      0x160 ./sources/main.o
 .debug_frame   0x0000047c       0x88 ./sources/pin_mux.o
 .debug_frame   0x00000504      0x1e4 ./sources/trcBase.o
 .debug_frame   0x000006e8       0x2c ./sources/trcHardwarePort.o
 .debug_frame   0x00000714      0x20c ./sources/trcKernel.o
 .debug_frame   0x00000920      0x14c ./sources/trcKernelPortFreeRTOS.o
 .debug_frame   0x00000a6c      0x2e4 ./sources/trcUser.o
 .debug_frame   0x00000d50       0xd0 ./freertos/Source/portable/MemMang/heap_4.o
 .debug_frame   0x00000e20       0x28 ./freertos/Source/portable/GCC/ARM_CM4F/fsl_tickless_systick.o
 .debug_frame   0x00000e48      0x138 ./freertos/Source/portable/GCC/ARM_CM4F/port.o
 .debug_frame   0x00000f80       0x9c ./freertos/Source/list.o
 .debug_frame   0x0000101c      0x414 ./freertos/Source/queue.o
 .debug_frame   0x00001430      0x6fc ./freertos/Source/tasks.o
 .debug_frame   0x00001b2c      0x2b8 ./freertos/Source/timers.o
 .debug_frame   0x00001de4      0x6ac ./drivers/fsl_clock.o
 .debug_frame   0x00002490       0x88 ./drivers/fsl_common.o
 .debug_frame   0x00002518       0xac ./drivers/fsl_gpio.o
 .debug_frame   0x000025c4      0x51c ./drivers/fsl_uart.o
 .debug_frame   0x00002ae0       0x44 ./devices/system_MK64F12.o
 .debug_frame   0x00002b24       0x20 c:/freescale/kds_v3/toolchain/bin/../lib/gcc/arm-none-eabi/4.8.4/../../../../arm-none-eabi/lib/armv7e-m/fpu\libg_s.a(lib_a-errno.o)
 .debug_frame   0x00002b44       0x28 c:/freescale/kds_v3/toolchain/bin/../lib/gcc/arm-none-eabi/4.8.4/../../../../arm-none-eabi/lib/armv7e-m/fpu\libg_s.a(lib_a-exit.o)
 .debug_frame   0x00002b6c       0x2c c:/freescale/kds_v3/toolchain/bin/../lib/gcc/arm-none-eabi/4.8.4/../../../../arm-none-eabi/lib/armv7e-m/fpu\libg_s.a(lib_a-init.o)
 .debug_frame   0x00002b98       0x28 c:/freescale/kds_v3/toolchain/bin/../lib/gcc/arm-none-eabi/4.8.4/../../../../arm-none-eabi/lib/armv7e-m/fpu\libg_s.a(lib_a-memcpy-stub.o)
 .debug_frame   0x00002bc0       0x20 c:/freescale/kds_v3/toolchain/bin/../lib/gcc/arm-none-eabi/4.8.4/../../../../arm-none-eabi/lib/armv7e-m/fpu\libg_s.a(lib_a-memset.o)
 .debug_frame   0x00002be0       0x58 c:/freescale/kds_v3/toolchain/bin/../lib/gcc/arm-none-eabi/4.8.4/../../../../arm-none-eabi/lib/armv7e-m/fpu\libg_s.a(lib_a-sprintf.o)
 .debug_frame   0x00002c38       0x28 c:/freescale/kds_v3/toolchain/bin/../lib/gcc/arm-none-eabi/4.8.4/../../../../arm-none-eabi/lib/armv7e-m/fpu\libg_s.a(lib_a-strcat.o)
 .debug_frame   0x00002c60       0x20 c:/freescale/kds_v3/toolchain/bin/../lib/gcc/arm-none-eabi/4.8.4/../../../../arm-none-eabi/lib/armv7e-m/fpu\libg_s.a(lib_a-strlen.o)
 .debug_frame   0x00002c80       0x2c c:/freescale/kds_v3/toolchain/bin/../lib/gcc/arm-none-eabi/4.8.4/../../../../arm-none-eabi/lib/armv7e-m/fpu\libg_s.a(lib_a-strncmp.o)
 .debug_frame   0x00002cac       0x28 c:/freescale/kds_v3/toolchain/bin/../lib/gcc/arm-none-eabi/4.8.4/../../../../arm-none-eabi/lib/armv7e-m/fpu\libg_s.a(lib_a-strncpy.o)
 .debug_frame   0x00002cd4       0x88 c:/freescale/kds_v3/toolchain/bin/../lib/gcc/arm-none-eabi/4.8.4/../../../../arm-none-eabi/lib/armv7e-m/fpu\libg_s.a(lib_a-svfprintf.o)
 .debug_frame   0x00002d5c       0x60 c:/freescale/kds_v3/toolchain/bin/../lib/gcc/arm-none-eabi/4.8.4/../../../../arm-none-eabi/lib/armv7e-m/fpu\libg_s.a(lib_a-vfprintf_i.o)
 .debug_frame   0x00002dbc       0x28 c:/freescale/kds_v3/toolchain/bin/../lib/gcc/arm-none-eabi/4.8.4/../../../../arm-none-eabi/lib/armv7e-m/fpu\libg_s.a(lib_a-memchr-stub.o)
 .debug_frame   0x00002de4       0x2c c:/freescale/kds_v3/toolchain/bin/../lib/gcc/arm-none-eabi/4.8.4/../../../../arm-none-eabi/lib/armv7e-m/fpu\libg_s.a(lib_a-memmove.o)
 .debug_frame   0x00002e10       0x2c c:/freescale/kds_v3/toolchain/bin/../lib/gcc/arm-none-eabi/4.8.4/../../../../arm-none-eabi/lib/armv7e-m/fpu\libg_s.a(lib_a-nano-freer.o)
 .debug_frame   0x00002e3c       0x2c c:/freescale/kds_v3/toolchain/bin/../lib/gcc/arm-none-eabi/4.8.4/../../../../arm-none-eabi/lib/armv7e-m/fpu\libg_s.a(lib_a-nano-mallocr.o)
 .debug_frame   0x00002e68       0x30 c:/freescale/kds_v3/toolchain/bin/../lib/gcc/arm-none-eabi/4.8.4/../../../../arm-none-eabi/lib/armv7e-m/fpu\libg_s.a(lib_a-nano-reallocr.o)
 .debug_frame   0x00002e98       0x2c c:/freescale/kds_v3/toolchain/bin/../lib/gcc/arm-none-eabi/4.8.4/../../../../arm-none-eabi/lib/armv7e-m/fpu\libg_s.a(lib_a-sbrkr.o)
 .debug_frame   0x00002ec4       0x20 c:/freescale/kds_v3/toolchain/bin/../lib/gcc/arm-none-eabi/4.8.4/../../../../arm-none-eabi/lib/armv7e-m/fpu\libg_s.a(lib_a-nano-msizer.o)
 .debug_frame   0x00002ee4       0x48 c:/freescale/kds_v3/toolchain/bin/../lib/gcc/arm-none-eabi/4.8.4/../../../../arm-none-eabi/lib/armv7e-m/fpu\libg_s.a(lib_a-reent.o)
 .debug_frame   0x00002f2c       0x20 c:/freescale/kds_v3/toolchain/bin/../lib/gcc/arm-none-eabi/4.8.4/../../../../arm-none-eabi/lib/armv7e-m/fpu\libnosys.a(_exit.o)
